Archive member included to satisfy reference by file (symbol)

D:/ST/STM32CubeIDE_1.19.0/STM32CubeIDE/plugins/com.st.stm32cube.ide.mcu.externaltools.gnu-tools-for-stm32.13.3.rel1.win32_1.0.0.202411081344/tools/bin/../lib/gcc/arm-none-eabi/13.3.1/../../../../arm-none-eabi/lib/thumb/v7e-m+fp/hard\libc_nano.a(libc_a-exit.o)
                              D:/ST/STM32CubeIDE_1.19.0/STM32CubeIDE/plugins/com.st.stm32cube.ide.mcu.externaltools.gnu-tools-for-stm32.13.3.rel1.win32_1.0.0.202411081344/tools/bin/../lib/gcc/arm-none-eabi/13.3.1/../../../../arm-none-eabi/lib/thumb/v7e-m+fp/hard/crt0.o (exit)
D:/ST/STM32CubeIDE_1.19.0/STM32CubeIDE/plugins/com.st.stm32cube.ide.mcu.externaltools.gnu-tools-for-stm32.13.3.rel1.win32_1.0.0.202411081344/tools/bin/../lib/gcc/arm-none-eabi/13.3.1/../../../../arm-none-eabi/lib/thumb/v7e-m+fp/hard\libc_nano.a(libc_a-findfp.o)
                              D:/ST/STM32CubeIDE_1.19.0/STM32CubeIDE/plugins/com.st.stm32cube.ide.mcu.externaltools.gnu-tools-for-stm32.13.3.rel1.win32_1.0.0.202411081344/tools/bin/../lib/gcc/arm-none-eabi/13.3.1/../../../../arm-none-eabi/lib/thumb/v7e-m+fp/hard\libc_nano.a(libc_a-exit.o) (__stdio_exit_handler)
D:/ST/STM32CubeIDE_1.19.0/STM32CubeIDE/plugins/com.st.stm32cube.ide.mcu.externaltools.gnu-tools-for-stm32.13.3.rel1.win32_1.0.0.202411081344/tools/bin/../lib/gcc/arm-none-eabi/13.3.1/../../../../arm-none-eabi/lib/thumb/v7e-m+fp/hard\libc_nano.a(libc_a-fwalk.o)
                              D:/ST/STM32CubeIDE_1.19.0/STM32CubeIDE/plugins/com.st.stm32cube.ide.mcu.externaltools.gnu-tools-for-stm32.13.3.rel1.win32_1.0.0.202411081344/tools/bin/../lib/gcc/arm-none-eabi/13.3.1/../../../../arm-none-eabi/lib/thumb/v7e-m+fp/hard\libc_nano.a(libc_a-findfp.o) (_fwalk_sglue)
D:/ST/STM32CubeIDE_1.19.0/STM32CubeIDE/plugins/com.st.stm32cube.ide.mcu.externaltools.gnu-tools-for-stm32.13.3.rel1.win32_1.0.0.202411081344/tools/bin/../lib/gcc/arm-none-eabi/13.3.1/../../../../arm-none-eabi/lib/thumb/v7e-m+fp/hard\libc_nano.a(libc_a-printf.o)
                              ./Core/Src/main.o (printf)
D:/ST/STM32CubeIDE_1.19.0/STM32CubeIDE/plugins/com.st.stm32cube.ide.mcu.externaltools.gnu-tools-for-stm32.13.3.rel1.win32_1.0.0.202411081344/tools/bin/../lib/gcc/arm-none-eabi/13.3.1/../../../../arm-none-eabi/lib/thumb/v7e-m+fp/hard\libc_nano.a(libc_a-stdio.o)
                              D:/ST/STM32CubeIDE_1.19.0/STM32CubeIDE/plugins/com.st.stm32cube.ide.mcu.externaltools.gnu-tools-for-stm32.13.3.rel1.win32_1.0.0.202411081344/tools/bin/../lib/gcc/arm-none-eabi/13.3.1/../../../../arm-none-eabi/lib/thumb/v7e-m+fp/hard\libc_nano.a(libc_a-findfp.o) (__sread)
D:/ST/STM32CubeIDE_1.19.0/STM32CubeIDE/plugins/com.st.stm32cube.ide.mcu.externaltools.gnu-tools-for-stm32.13.3.rel1.win32_1.0.0.202411081344/tools/bin/../lib/gcc/arm-none-eabi/13.3.1/../../../../arm-none-eabi/lib/thumb/v7e-m+fp/hard\libc_nano.a(libc_a-memset.o)
                              D:/ST/STM32CubeIDE_1.19.0/STM32CubeIDE/plugins/com.st.stm32cube.ide.mcu.externaltools.gnu-tools-for-stm32.13.3.rel1.win32_1.0.0.202411081344/tools/bin/../lib/gcc/arm-none-eabi/13.3.1/../../../../arm-none-eabi/lib/thumb/v7e-m+fp/hard/crt0.o (memset)
D:/ST/STM32CubeIDE_1.19.0/STM32CubeIDE/plugins/com.st.stm32cube.ide.mcu.externaltools.gnu-tools-for-stm32.13.3.rel1.win32_1.0.0.202411081344/tools/bin/../lib/gcc/arm-none-eabi/13.3.1/../../../../arm-none-eabi/lib/thumb/v7e-m+fp/hard\libc_nano.a(libc_a-closer.o)
                              D:/ST/STM32CubeIDE_1.19.0/STM32CubeIDE/plugins/com.st.stm32cube.ide.mcu.externaltools.gnu-tools-for-stm32.13.3.rel1.win32_1.0.0.202411081344/tools/bin/../lib/gcc/arm-none-eabi/13.3.1/../../../../arm-none-eabi/lib/thumb/v7e-m+fp/hard\libc_nano.a(libc_a-stdio.o) (_close_r)
D:/ST/STM32CubeIDE_1.19.0/STM32CubeIDE/plugins/com.st.stm32cube.ide.mcu.externaltools.gnu-tools-for-stm32.13.3.rel1.win32_1.0.0.202411081344/tools/bin/../lib/gcc/arm-none-eabi/13.3.1/../../../../arm-none-eabi/lib/thumb/v7e-m+fp/hard\libc_nano.a(libc_a-reent.o)
                              D:/ST/STM32CubeIDE_1.19.0/STM32CubeIDE/plugins/com.st.stm32cube.ide.mcu.externaltools.gnu-tools-for-stm32.13.3.rel1.win32_1.0.0.202411081344/tools/bin/../lib/gcc/arm-none-eabi/13.3.1/../../../../arm-none-eabi/lib/thumb/v7e-m+fp/hard\libc_nano.a(libc_a-closer.o) (errno)
D:/ST/STM32CubeIDE_1.19.0/STM32CubeIDE/plugins/com.st.stm32cube.ide.mcu.externaltools.gnu-tools-for-stm32.13.3.rel1.win32_1.0.0.202411081344/tools/bin/../lib/gcc/arm-none-eabi/13.3.1/../../../../arm-none-eabi/lib/thumb/v7e-m+fp/hard\libc_nano.a(libc_a-impure.o)
                              D:/ST/STM32CubeIDE_1.19.0/STM32CubeIDE/plugins/com.st.stm32cube.ide.mcu.externaltools.gnu-tools-for-stm32.13.3.rel1.win32_1.0.0.202411081344/tools/bin/../lib/gcc/arm-none-eabi/13.3.1/../../../../arm-none-eabi/lib/thumb/v7e-m+fp/hard\libc_nano.a(libc_a-printf.o) (_impure_ptr)
[...]
Memory Configuration

Name             Origin             Length             Attributes
CCMRAM           0x10000000         0x00010000         xrw
RAM              0x20000000         0x00020000         xrw
FLASH            0x08000000         0x00080000         xr
*default*        0x00000000         0xffffffff

Linker script and memory map

LOAD D:/ST/STM32CubeIDE_1.19.0/STM32CubeIDE/plugins/com.st.stm32cube.ide.mcu.externaltools.gnu-tools-for-stm32.13.3.rel1.win32_1.0.0.202411081344/tools/bin/../lib/gcc/arm-none-eabi/13.3.1/thumb/v7e-m+fp/hard/crti.o
LOAD D:/ST/STM32CubeIDE_1.19.0/STM32CubeIDE/plugins/com.st.stm32cube.ide.mcu.externaltools.gnu-tools-for-stm32.13.3.rel1.win32_1.0.0.202411081344/tools/bin/../lib/gcc/arm-none-eabi/13.3.1/thumb/v7e-m+fp/hard/crtbegin.o
LOAD D:/ST/STM32CubeIDE_1.19.0/STM32CubeIDE/plugins/com.st.stm32cube.ide.mcu.externaltools.gnu-tools-for-stm32.13.3.rel1.win32_1.0.0.202411081344/tools/bin/../lib/gcc/arm-none-eabi/13.3.1/../../../../arm-none-eabi/lib/thumb/v7e-m+fp/hard/crt0.o
LOAD ./Core/Src/bno08x_i2c_hal.o
LOAD ./Core/Src/euler.o
LOAD ./Core/Src/i2c_hal.o
LOAD ./Core/Src/main.o
LOAD ./Core/Src/sh2.o
LOAD ./Core/Src/sh2_SensorValue.o
LOAD ./Core/Src/sh2_util.o
LOAD ./Core/Src/shtp.o
LOAD ./Core/Src/stm32f4xx_hal_msp.o
LOAD ./Core/Src/stm32f4xx_it.o
LOAD ./Core/Src/syscalls.o
LOAD ./Core/Src/sysmem.o
LOAD ./Core/Src/system_stm32f4xx.o
LOAD ./Core/Startup/startup_stm32f407vetx.o
LOAD ./Drivers/STM32F4xx_HAL_Driver/Src/stm32f4xx_hal.o
LOAD ./Drivers/STM32F4xx_HAL_Driver/Src/stm32f4xx_hal_cortex.o
LOAD ./Drivers/STM32F4xx_HAL_Driver/Src/stm32f4xx_hal_dma.o
LOAD ./Drivers/STM32F4xx_HAL_Driver/Src/stm32f4xx_hal_dma_ex.o
LOAD ./Drivers/STM32F4xx_HAL_Driver/Src/stm32f4xx_hal_exti.o
LOAD ./Drivers/STM32F4xx_HAL_Driver/Src/stm32f4xx_hal_flash.o
LOAD ./Drivers/STM32F4xx_HAL_Driver/Src/stm32f4xx_hal_flash_ex.o
LOAD ./Drivers/STM32F4xx_HAL_Driver/Src/stm32f4xx_hal_flash_ramfunc.o
LOAD ./Drivers/STM32F4xx_HAL_Driver/Src/stm32f4xx_hal_gpio.o
LOAD ./Drivers/STM32F4xx_HAL_Driver/Src/stm32f4xx_hal_i2c.o
LOAD ./Drivers/STM32F4xx_HAL_Driver/Src/stm32f4xx_hal_i2c_ex.o
LOAD ./Drivers/STM32F4xx_HAL_Driver/Src/stm32f4xx_hal_pwr.o
LOAD ./Drivers/STM32F4xx_HAL_Driver/Src/stm32f4xx_hal_pwr_ex.o
LOAD ./Drivers/STM32F4xx_HAL_Driver/Src/stm32f4xx_hal_rcc.o
LOAD ./Drivers/STM32F4xx_HAL_Driver/Src/stm32f4xx_hal_rcc_ex.o
LOAD ./Drivers/STM32F4xx_HAL_Driver/Src/stm32f4xx_hal_tim.o
LOAD ./Drivers/STM32F4xx_HAL_Driver/Src/stm32f4xx_hal_tim_ex.o
START GROUP
LOAD D:/ST/STM32CubeIDE_1.19.0/STM32CubeIDE/plugins/com.st.stm32cube.ide.mcu.externaltools.gnu-tools-for-stm32.13.3.rel1.win32_1.0.0.202411081344/tools/bin/../lib/gcc/arm-none-eabi/13.3.1/../../../../arm-none-eabi/lib/thumb/v7e-m+fp/hard\libc_nano.a
LOAD D:/ST/STM32CubeIDE_1.19.0/STM32CubeIDE/plugins/com.st.stm32cube.ide.mcu.externaltools.gnu-tools-for-stm32.13.3.rel1.win32_1.0.0.202411081344/tools/bin/../lib/gcc/arm-none-eabi/13.3.1/../../../../arm-none-eabi/lib/thumb/v7e-m+fp/hard\libm.a
END GROUP
START GROUP
LOAD D:/ST/STM32CubeIDE_1.19.0/STM32CubeIDE/plugins/com.st.stm32cube.ide.mcu.externaltools.gnu-tools-for-stm32.13.3.rel1.win32_1.0.0.202411081344/tools/bin/../lib/gcc/arm-none-eabi/13.3.1/thumb/v7e-m+fp/hard\libgcc.a
LOAD D:/ST/STM32CubeIDE_1.19.0/STM32CubeIDE/plugins/com.st.stm32cube.ide.mcu.externaltools.gnu-tools-for-stm32.13.3.rel1.win32_1.0.0.202411081344/tools/bin/../lib/gcc/arm-none-eabi/13.3.1/../../../../arm-none-eabi/lib/thumb/v7e-m+fp/hard\libc_nano.a
END GROUP
START GROUP
LOAD D:/ST/STM32CubeIDE_1.19.0/STM32CubeIDE/plugins/com.st.stm32cube.ide.mcu.externaltools.gnu-tools-for-stm32.13.3.rel1.win32_1.0.0.202411081344/tools/bin/../lib/gcc/arm-none-eabi/13.3.1/thumb/v7e-m+fp/hard\libgcc.a
LOAD D:/ST/STM32CubeIDE_1.19.0/STM32CubeIDE/plugins/com.st.stm32cube.ide.mcu.externaltools.gnu-tools-for-stm32.13.3.rel1.win32_1.0.0.202411081344/tools/bin/../lib/gcc/arm-none-eabi/13.3.1/../../../../arm-none-eabi/lib/thumb/v7e-m+fp/hard\libc_nano.a
LOAD D:/ST/STM32CubeIDE_1.19.0/STM32CubeIDE/plugins/com.st.stm32cube.ide.mcu.externaltools.gnu-tools-for-stm32.13.3.rel1.win32_1.0.0.202411081344/tools/bin/../lib/gcc/arm-none-eabi/13.3.1/../../../../arm-none-eabi/lib/thumb/v7e-m+fp/hard\libnosys.a
END GROUP
START GROUP
LOAD D:/ST/STM32CubeIDE_1.19.0/STM32CubeIDE/plugins/com.st.stm32cube.ide.mcu.externaltools.gnu-tools-for-stm32.13.3.rel1.win32_1.0.0.202411081344/tools/bin/../lib/gcc/arm-none-eabi/13.3.1/thumb/v7e-m+fp/hard\libgcc.a
LOAD D:/ST/STM32CubeIDE_1.19.0/STM32CubeIDE/plugins/com.st.stm32cube.ide.mcu.externaltools.gnu-tools-for-stm32.13.3.rel1.win32_1.0.0.202411081344/tools/bin/../lib/gcc/arm-none-eabi/13.3.1/../../../../arm-none-eabi/lib/thumb/v7e-m+fp/hard\libc_nano.a
LOAD D:/ST/STM32CubeIDE_1.19.0/STM32CubeIDE/plugins/com.st.stm32cube.ide.mcu.externaltools.gnu-tools-for-stm32.13.3.rel1.win32_1.0.0.202411081344/tools/bin/../lib/gcc/arm-none-eabi/13.3.1/../../../../arm-none-eabi/lib/thumb/v7e-m+fp/hard\libnosys.a
END GROUP
LOAD D:/ST/STM32CubeIDE_1.19.0/STM32CubeIDE/plugins/com.st.stm32cube.ide.mcu.externaltools.gnu-tools-for-stm32.13.3.rel1.win32_1.0.0.202411081344/tools/bin/../lib/gcc/arm-none-eabi/13.3.1/thumb/v7e-m+fp/hard/crtend.o
LOAD D:/ST/STM32CubeIDE_1.19.0/STM32CubeIDE/plugins/com.st.stm32cube.ide.mcu.externaltools.gnu-tools-for-stm32.13.3.rel1.win32_1.0.0.202411081344/tools/bin/../lib/gcc/arm-none-eabi/13.3.1/thumb/v7e-m+fp/hard/crtn.o
                0x20020000                        _estack = (ORIGIN (RAM) + LENGTH (RAM))
                0x00000200                        _Min_Heap_Size = 0x200
                0x00000400                        _Min_Stack_Size = 0x400

.isr_vector     0x08000000      0x188
                0x08000000                        . = ALIGN (0x4)
 *(.isr_vector)
 .isr_vector    0x08000000      0x188 ./Core/Startup/startup_stm32f407vetx.o
                0x08000000                g_pfnVectors
                0x08000188                        . = ALIGN (0x4)

.text           0x08000190     0x7674
                0x08000190                        . = ALIGN (0x4)
 *(.text)
 .text          0x08000190       0x40 D:/ST/STM32CubeIDE_1.19.0/STM32CubeIDE/plugins/com.st.stm32cube.ide.mcu.externaltools.gnu-tools-for-stm32.13.3.rel1.win32_1.0.0.202411081344/tools/bin/../lib/gcc/arm-none-eabi/13.3.1/thumb/v7e-m+fp/hard/crtbegin.o
 .text          0x080001d0       0xa0 D:/ST/STM32CubeIDE_1.19.0/STM32CubeIDE/plugins/com.st.stm32cube.ide.mcu.externaltools.gnu-tools-for-stm32.13.3.rel1.win32_1.0.0.202411081344/tools/bin/../lib/gcc/arm-none-eabi/13.3.1/../../../../arm-none-eabi/lib/thumb/v7e-m+fp/hard\libc_nano.a(libc_a-memchr.o)
                0x080001d0                memchr
 .text          0x08000270       0x30 D:/ST/STM32CubeIDE_1.19.0/STM32CubeIDE/plugins/com.st.stm32cube.ide.mcu.externaltools.gnu-tools-for-stm32.13.3.rel1.win32_1.0.0.202411081344/tools/bin/../lib/gcc/arm-none-eabi/13.3.1/thumb/v7e-m+fp/hard\libgcc.a(_aeabi_uldivmod.o)
                0x08000270                __aeabi_uldivmod
 .text          0x080002a0      0x2f8 D:/ST/STM32CubeIDE_1.19.0/STM32CubeIDE/plugins/com.st.stm32cube.ide.mcu.externaltools.gnu-tools-for-stm32.13.3.rel1.win32_1.0.0.202411081344/tools/bin/../lib/gcc/arm-none-eabi/13.3.1/thumb/v7e-m+fp/hard\libgcc.a(_udivmoddi4.o)
                0x080002a0                __udivmoddi4
 .text          0x08000598        0x4 D:/ST/STM32CubeIDE_1.19.0/STM32CubeIDE/plugins/com.st.stm32cube.ide.mcu.externaltools.gnu-tools-for-stm32.13.3.rel1.win32_1.0.0.202411081344/tools/bin/../lib/gcc/arm-none-eabi/13.3.1/thumb/v7e-m+fp/hard\libgcc.a(_dvmd_tls.o)
                0x08000598                __aeabi_idiv0
                0x08000598                __aeabi_ldiv0
 *(.text*)
 .text.sh2_hal_init
                0x0800059c       0x18 ./Core/Src/bno08x_i2c_hal.o
                0x0800059c                sh2_hal_init
 .text.enableInts
                0x080005b4       0x1a ./Core/Src/i2c_hal.o
 .text.disableInts
                0x080005ce       0x1a ./Core/Src/i2c_hal.o
 .text.enableI2cInts
                0x080005e8       0x14 ./Core/Src/i2c_hal.o
 .text.disableI2cInts
                0x080005fc       0x14 ./Core/Src/i2c_hal.o
 .text.hal_init_gpio
                0x08000610      0x138 ./Core/Src/i2c_hal.o
 .text.hal_init_i2c
                0x08000748       0xb0 ./Core/Src/i2c_hal.o
 .text.hal_init_timer
                0x080007f8       0x78 ./Core/Src/i2c_hal.o
 .text.hal_init_hw
                0x08000870       0x14 ./Core/Src/i2c_hal.o
 .text.bootn    0x08000884       0x24 ./Core/Src/i2c_hal.o
 .text.rstn     0x080008a8       0x24 ./Core/Src/i2c_hal.o
 .text.ps0_waken
                0x080008cc       0x24 ./Core/Src/i2c_hal.o
 .text.ps1      0x080008f0       0x24 ./Core/Src/i2c_hal.o
 .text.timeNowUs
                0x08000914       0x18 ./Core/Src/i2c_hal.o
 .text.delay_us
                0x0800092c       0x30 ./Core/Src/i2c_hal.o
 .text.reset_delay_us
                0x0800095c       0x44 ./Core/Src/i2c_hal.o
 .text.HAL_I2C_MasterRxCpltCallback
                0x080009a0       0xa8 ./Core/Src/i2c_hal.o
                0x080009a0                HAL_I2C_MasterRxCpltCallback
 .text.HAL_I2C_MasterTxCpltCallback
                0x08000a48       0x38 ./Core/Src/i2c_hal.o
                0x08000a48                HAL_I2C_MasterTxCpltCallback
 .text.HAL_I2C_ErrorCallback
                0x08000a80       0xe4 ./Core/Src/i2c_hal.o
                0x08000a80                HAL_I2C_ErrorCallback
 .text.I2C1_EV_IRQHandler
                0x08000b64       0x14 ./Core/Src/i2c_hal.o
                0x08000b64                I2C1_EV_IRQHandler
 .text.I2C1_ER_IRQHandler
                0x08000b78       0x14 ./Core/Src/i2c_hal.o
                0x08000b78                I2C1_ER_IRQHandler
 .text.shtp_i2c_hal_open
                0x08000b8c       0xd0 ./Core/Src/i2c_hal.o
 .text.shtp_i2c_hal_close
                0x08000c5c       0x7c ./Core/Src/i2c_hal.o
 .text.shtp_i2c_hal_read
                0x08000cd8      0x160 ./Core/Src/i2c_hal.o
 .text.shtp_i2c_hal_write
                0x08000e38       0x94 ./Core/Src/i2c_hal.o
 .text.shtp_i2c_hal_getTimeUs
                0x08000ecc       0x16 ./Core/Src/i2c_hal.o
 *fill*         0x08000ee2        0x2 
 .text.shtp_i2c_hal_init
                0x08000ee4       0x5c ./Core/Src/i2c_hal.o
                0x08000ee4                shtp_i2c_hal_init
 .text.main     0x08000f40       0x34 ./Core/Src/main.o
                0x08000f40                main
 .text.SystemClock_Config
                0x08000f74       0xd4 ./Core/Src/main.o
                0x08000f74                SystemClock_Config
 .text.sh2_event_cb
                0x08001048       0x24 ./Core/Src/main.o
 .text.sh2_sensor_cb
                0x0800106c       0x1e ./Core/Src/main.o
 .text.Error_Handler
                0x0800108a        0xc ./Core/Src/main.o
                0x0800108a                Error_Handler
 .text.opRx     0x08001096       0x36 ./Core/Src/sh2.o
 .text.opCompleted
                0x080010cc       0x24 ./Core/Src/sh2.o
 .text.opOnReset
                0x080010f0       0x38 ./Core/Src/sh2.o
 .text.getReportLen
                0x08001128       0x48 ./Core/Src/sh2.o
 .text.sensorhubControlHdlr
                0x08001170      0x164 ./Core/Src/sh2.o
 .text.touSTimestamp
                0x080012d4       0x88 ./Core/Src/sh2.o
 .text.sensorhubInputHdlr
                0x0800135c      0x160 ./Core/Src/sh2.o
 .text.sensorhubInputNormalHdlr
                0x080014bc       0x28 ./Core/Src/sh2.o
 .text.sensorhubInputWakeHdlr
                0x080014e4       0x28 ./Core/Src/sh2.o
 .text.sensorhubInputGyroRvHdlr
                0x0800150c       0xa2 ./Core/Src/sh2.o
 *fill*         0x080015ae        0x2 
 .text.executableDeviceHdlr
                0x080015b0       0x78 ./Core/Src/sh2.o
 .text.shtpEventCallback
                0x08001628       0x44 ./Core/Src/sh2.o
 .text.sh2_open
                0x0800166c      0x134 ./Core/Src/sh2.o
                0x0800166c                sh2_open
 .text.sh2_setSensorCallback
                0x080017a0       0x2c ./Core/Src/sh2.o
                0x080017a0                sh2_setSensorCallback
 .text.sh2_decodeSensorEvent
                0x080017cc      0x318 ./Core/Src/sh2_SensorValue.o
                0x080017cc                sh2_decodeSensorEvent
 .text.decodeRawAccelerometer
                0x08001ae4       0x5c ./Core/Src/sh2_SensorValue.o
 .text.decodeAccelerometer
                0x08001b40       0x80 ./Core/Src/sh2_SensorValue.o
 .text.decodeLinearAcceleration
                0x08001bc0       0x80 ./Core/Src/sh2_SensorValue.o
 .text.decodeGravity
                0x08001c40       0x80 ./Core/Src/sh2_SensorValue.o
 .text.decodeRawGyroscope
                0x08001cc0       0x6e ./Core/Src/sh2_SensorValue.o
 *fill*         0x08001d2e        0x2 
 .text.decodeGyroscopeCalibrated
                0x08001d30       0x80 ./Core/Src/sh2_SensorValue.o
 .text.decodeGyroscopeUncal
                0x08001db0       0xe4 ./Core/Src/sh2_SensorValue.o
 .text.decodeRawMagnetometer
                0x08001e94       0x5c ./Core/Src/sh2_SensorValue.o
 .text.decodeMagneticFieldCalibrated
                0x08001ef0       0x80 ./Core/Src/sh2_SensorValue.o
 .text.decodeMagneticFieldUncal
                0x08001f70       0xe4 ./Core/Src/sh2_SensorValue.o
 .text.decodeRotationVector
                0x08002054       0xc8 ./Core/Src/sh2_SensorValue.o
 .text.decodeGameRotationVector
                0x0800211c       0xa0 ./Core/Src/sh2_SensorValue.o
 .text.decodeGeomagneticRotationVector
                0x080021bc       0xc8 ./Core/Src/sh2_SensorValue.o
 .text.decodePressure
                0x08002284       0x38 ./Core/Src/sh2_SensorValue.o
 .text.decodeAmbientLight
                0x080022bc       0x38 ./Core/Src/sh2_SensorValue.o
 .text.decodeHumidity
                0x080022f4       0x3c ./Core/Src/sh2_SensorValue.o
 .text.decodeProximity
                0x08002330       0x3c ./Core/Src/sh2_SensorValue.o
 .text.decodeTemperature
                0x0800236c       0x3c ./Core/Src/sh2_SensorValue.o
 .text.decodeReserved
                0x080023a8       0x3c ./Core/Src/sh2_SensorValue.o
 .text.decodeTapDetector
                0x080023e4       0x20 ./Core/Src/sh2_SensorValue.o
 .text.decodeStepDetector
                0x08002404       0x24 ./Core/Src/sh2_SensorValue.o
 .text.decodeStepCounter
                0x08002428       0x36 ./Core/Src/sh2_SensorValue.o
 .text.decodeSignificantMotion
                0x0800245e       0x26 ./Core/Src/sh2_SensorValue.o
 .text.decodeStabilityClassifier
                0x08002484       0x20 ./Core/Src/sh2_SensorValue.o
 .text.decodeShakeDetector
                0x080024a4       0x26 ./Core/Src/sh2_SensorValue.o
 .text.decodeFlipDetector
                0x080024ca       0x26 ./Core/Src/sh2_SensorValue.o
 .text.decodePickupDetector
                0x080024f0       0x26 ./Core/Src/sh2_SensorValue.o
 .text.decodeStabilityDetector
                0x08002516       0x26 ./Core/Src/sh2_SensorValue.o
 .text.decodePersonalActivityClassifier
                0x0800253c       0x66 ./Core/Src/sh2_SensorValue.o
 .text.decodeSleepDetector
                0x080025a2       0x20 ./Core/Src/sh2_SensorValue.o
 .text.decodeTiltDetector
                0x080025c2       0x26 ./Core/Src/sh2_SensorValue.o
 .text.decodePocketDetector
                0x080025e8       0x26 ./Core/Src/sh2_SensorValue.o
 .text.decodeCircleDetector
                0x0800260e       0x26 ./Core/Src/sh2_SensorValue.o
 .text.decodeHeartRateMonitor
                0x08002634       0x26 ./Core/Src/sh2_SensorValue.o
 *fill*         0x0800265a        0x2 
 .text.decodeArvrStabilizedRV
                0x0800265c       0xc8 ./Core/Src/sh2_SensorValue.o
 .text.decodeArvrStabilizedGRV
                0x08002724       0xa0 ./Core/Src/sh2_SensorValue.o
 .text.decodeGyroIntegratedRV
                0x080027c4      0x10c ./Core/Src/sh2_SensorValue.o
 .text.decodeIZroRequest
                0x080028d0       0x28 ./Core/Src/sh2_SensorValue.o
 .text.decodeRawOptFlow
                0x080028f8       0xfa ./Core/Src/sh2_SensorValue.o
 *fill*         0x080029f2        0x2 
 .text.decodeDeadReckoningPose
                0x080029f4      0x1d4 ./Core/Src/sh2_SensorValue.o
 .text.decodeWheelEncoder
                0x08002bc8       0x5c ./Core/Src/sh2_SensorValue.o
 .text.readu16  0x08002c24       0x2e ./Core/Src/sh2_util.o
                0x08002c24                readu16
 .text.readu32  0x08002c52       0x3c ./Core/Src/sh2_util.o
                0x08002c52                readu32
 .text.read8    0x08002c8e       0x1e ./Core/Src/sh2_util.o
                0x08002c8e                read8
 .text.read16   0x08002cac       0x2e ./Core/Src/sh2_util.o
                0x08002cac                read16
 .text.read32   0x08002cda       0x3c ./Core/Src/sh2_util.o
                0x08002cda                read32
 *fill*         0x08002d16        0x2 
 .text.shtp_init
                0x08002d18       0x44 ./Core/Src/shtp.o
 .text.getInstance
                0x08002d5c       0x50 ./Core/Src/shtp.o
 .text.rxAssemble
                0x08002dac      0x2bc ./Core/Src/shtp.o
 .text.shtp_open
                0x08003068       0x68 ./Core/Src/shtp.o
                0x08003068                shtp_open
 .text.shtp_setEventCallback
                0x080030d0       0x28 ./Core/Src/shtp.o
                0x080030d0                shtp_setEventCallback
 .text.shtp_listenChan
                0x080030f8       0x60 ./Core/Src/shtp.o
                0x080030f8                shtp_listenChan
 .text.shtp_service
                0x08003158       0x4c ./Core/Src/shtp.o
                0x08003158                shtp_service
 .text.HAL_MspInit
                0x080031a4       0x50 ./Core/Src/stm32f4xx_hal_msp.o
                0x080031a4                HAL_MspInit
 .text.HAL_I2C_MspInit
                0x080031f4       0x90 ./Core/Src/stm32f4xx_hal_msp.o
                0x080031f4                HAL_I2C_MspInit
 .text.HAL_I2C_MspDeInit
                0x08003284       0x44 ./Core/Src/stm32f4xx_hal_msp.o
                0x08003284                HAL_I2C_MspDeInit
 .text.HAL_TIM_Base_MspInit
                0x080032c8       0x40 ./Core/Src/stm32f4xx_hal_msp.o
                0x080032c8                HAL_TIM_Base_MspInit
 .text.NMI_Handler
                0x08003308        0x8 ./Core/Src/stm32f4xx_it.o
                0x08003308                NMI_Handler
 .text.HardFault_Handler
                0x08003310        0x8 ./Core/Src/stm32f4xx_it.o
                0x08003310                HardFault_Handler
 .text.MemManage_Handler
                0x08003318        0x8 ./Core/Src/stm32f4xx_it.o
                0x08003318                MemManage_Handler
 .text.BusFault_Handler
                0x08003320        0x8 ./Core/Src/stm32f4xx_it.o
                0x08003320                BusFault_Handler
 .text.UsageFault_Handler
                0x08003328        0x8 ./Core/Src/stm32f4xx_it.o
                0x08003328                UsageFault_Handler
 .text.SVC_Handler
                0x08003330        0xe ./Core/Src/stm32f4xx_it.o
                0x08003330                SVC_Handler
 .text.DebugMon_Handler
                0x0800333e        0xe ./Core/Src/stm32f4xx_it.o
                0x0800333e                DebugMon_Handler
 .text.PendSV_Handler
                0x0800334c        0xe ./Core/Src/stm32f4xx_it.o
                0x0800334c                PendSV_Handler
 .text.SysTick_Handler
                0x0800335a        0xc ./Core/Src/stm32f4xx_it.o
                0x0800335a                SysTick_Handler
 .text._read    0x08003366       0x3a ./Core/Src/syscalls.o
                0x08003366                _read
 .text._write   0x080033a0       0x38 ./Core/Src/syscalls.o
                0x080033a0                _write
 .text._close   0x080033d8       0x18 ./Core/Src/syscalls.o
                0x080033d8                _close
 .text._fstat   0x080033f0       0x20 ./Core/Src/syscalls.o
                0x080033f0                _fstat
 .text._isatty  0x08003410       0x16 ./Core/Src/syscalls.o
                0x08003410                _isatty
 .text._lseek   0x08003426       0x1a ./Core/Src/syscalls.o
                0x08003426                _lseek
 .text._sbrk    0x08003440       0x6c ./Core/Src/sysmem.o
                0x08003440                _sbrk
 .text.SystemInit
                0x080034ac       0x24 ./Core/Src/system_stm32f4xx.o
                0x080034ac                SystemInit
 .text.Reset_Handler
                0x080034d0       0x50 ./Core/Startup/startup_stm32f407vetx.o
                0x080034d0                Reset_Handler
 .text.Default_Handler
                0x08003520        0x2 ./Core/Startup/startup_stm32f407vetx.o
                0x08003520                RTC_Alarm_IRQHandler
                0x08003520                HASH_RNG_IRQHandler
                0x08003520                EXTI2_IRQHandler
                0x08003520                TIM8_CC_IRQHandler
                0x08003520                TIM1_CC_IRQHandler
                0x08003520                DMA2_Stream5_IRQHandler
                0x08003520                DMA1_Stream5_IRQHandler
                0x08003520                PVD_IRQHandler
                0x08003520                SDIO_IRQHandler
                0x08003520                TAMP_STAMP_IRQHandler
                0x08003520                CAN2_RX1_IRQHandler
                0x08003520                EXTI3_IRQHandler
                0x08003520                TIM8_TRG_COM_TIM14_IRQHandler
                0x08003520                TIM1_UP_TIM10_IRQHandler
                0x08003520                TIM8_UP_TIM13_IRQHandler
                0x08003520                I2C3_ER_IRQHandler
                0x08003520                EXTI0_IRQHandler
                0x08003520                I2C2_EV_IRQHandler
                0x08003520                DMA1_Stream2_IRQHandler
                0x08003520                CAN1_RX0_IRQHandler
                0x08003520                FPU_IRQHandler
                0x08003520                OTG_HS_WKUP_IRQHandler
                0x08003520                CAN2_SCE_IRQHandler
                0x08003520                DMA2_Stream2_IRQHandler
                0x08003520                SPI1_IRQHandler
                0x08003520                TIM6_DAC_IRQHandler
                0x08003520                TIM1_BRK_TIM9_IRQHandler
                0x08003520                DCMI_IRQHandler
                0x08003520                CAN2_RX0_IRQHandler
                0x08003520                DMA2_Stream3_IRQHandler
                0x08003520                USART6_IRQHandler
                0x08003520                USART3_IRQHandler
                0x08003520                CAN1_RX1_IRQHandler
                0x08003520                UART5_IRQHandler
                0x08003520                DMA2_Stream0_IRQHandler
                0x08003520                TIM4_IRQHandler
                0x08003520                DMA1_Stream6_IRQHandler
                0x08003520                DMA1_Stream1_IRQHandler
                0x08003520                UART4_IRQHandler
                0x08003520                TIM3_IRQHandler
                0x08003520                RCC_IRQHandler
                0x08003520                TIM8_BRK_TIM12_IRQHandler
                0x08003520                Default_Handler
                0x08003520                EXTI15_10_IRQHandler
                0x08003520                ADC_IRQHandler
                0x08003520                DMA1_Stream7_IRQHandler
                0x08003520                TIM7_IRQHandler
                0x08003520                CAN2_TX_IRQHandler
                0x08003520                TIM5_IRQHandler
                0x08003520                DMA2_Stream7_IRQHandler
                0x08003520                I2C3_EV_IRQHandler
                0x08003520                EXTI9_5_IRQHandler
                0x08003520                RTC_WKUP_IRQHandler
                0x08003520                ETH_WKUP_IRQHandler
                0x08003520                SPI2_IRQHandler
                0x08003520                OTG_HS_EP1_IN_IRQHandler
                0x08003520                DMA1_Stream0_IRQHandler
                0x08003520                CAN1_TX_IRQHandler
                0x08003520                EXTI4_IRQHandler
                0x08003520                FSMC_IRQHandler
                0x08003520                ETH_IRQHandler
                0x08003520                OTG_HS_EP1_OUT_IRQHandler
                0x08003520                WWDG_IRQHandler
                0x08003520                TIM2_IRQHandler
                0x08003520                OTG_FS_WKUP_IRQHandler
                0x08003520                TIM1_TRG_COM_TIM11_IRQHandler
                0x08003520                OTG_HS_IRQHandler
                0x08003520                EXTI1_IRQHandler
                0x08003520                USART2_IRQHandler
                0x08003520                I2C2_ER_IRQHandler
                0x08003520                DMA2_Stream1_IRQHandler
                0x08003520                CAN1_SCE_IRQHandler
                0x08003520                FLASH_IRQHandler
                0x08003520                DMA2_Stream4_IRQHandler
                0x08003520                USART1_IRQHandler
                0x08003520                OTG_FS_IRQHandler
                0x08003520                SPI3_IRQHandler
                0x08003520                DMA1_Stream4_IRQHandler
                0x08003520                DMA2_Stream6_IRQHandler
                0x08003520                DMA1_Stream3_IRQHandler
 *fill*         0x08003522        0x2 
 .text.HAL_Init
                0x08003524       0x44 ./Drivers/STM32F4xx_HAL_Driver/Src/stm32f4xx_hal.o
                0x08003524                HAL_Init
 .text.HAL_InitTick
                0x08003568       0x60 ./Drivers/STM32F4xx_HAL_Driver/Src/stm32f4xx_hal.o
                0x08003568                HAL_InitTick
 .text.HAL_IncTick
                0x080035c8       0x28 ./Drivers/STM32F4xx_HAL_Driver/Src/stm32f4xx_hal.o
                0x080035c8                HAL_IncTick
 .text.HAL_GetTick
                0x080035f0       0x18 ./Drivers/STM32F4xx_HAL_Driver/Src/stm32f4xx_hal.o
                0x080035f0                HAL_GetTick
 .text.__NVIC_SetPriorityGrouping
                0x08003608       0x48 ./Drivers/STM32F4xx_HAL_Driver/Src/stm32f4xx_hal_cortex.o
 .text.__NVIC_GetPriorityGrouping
                0x08003650       0x1c ./Drivers/STM32F4xx_HAL_Driver/Src/stm32f4xx_hal_cortex.o
 .text.__NVIC_EnableIRQ
                0x0800366c       0x3c ./Drivers/STM32F4xx_HAL_Driver/Src/stm32f4xx_hal_cortex.o
 .text.__NVIC_DisableIRQ
                0x080036a8       0x48 ./Drivers/STM32F4xx_HAL_Driver/Src/stm32f4xx_hal_cortex.o
 .text.__NVIC_SetPriority
                0x080036f0       0x54 ./Drivers/STM32F4xx_HAL_Driver/Src/stm32f4xx_hal_cortex.o
 .text.NVIC_EncodePriority
                0x08003744       0x66 ./Drivers/STM32F4xx_HAL_Driver/Src/stm32f4xx_hal_cortex.o
 *fill*         0x080037aa        0x2 
 .text.SysTick_Config
                0x080037ac       0x44 ./Drivers/STM32F4xx_HAL_Driver/Src/stm32f4xx_hal_cortex.o
 .text.HAL_NVIC_SetPriorityGrouping
                0x080037f0       0x16 ./Drivers/STM32F4xx_HAL_Driver/Src/stm32f4xx_hal_cortex.o
                0x080037f0                HAL_NVIC_SetPriorityGrouping
 .text.HAL_NVIC_SetPriority
                0x08003806       0x38 ./Drivers/STM32F4xx_HAL_Driver/Src/stm32f4xx_hal_cortex.o
                0x08003806                HAL_NVIC_SetPriority
 .text.HAL_NVIC_EnableIRQ
                0x0800383e       0x1c ./Drivers/STM32F4xx_HAL_Driver/Src/stm32f4xx_hal_cortex.o
                0x0800383e                HAL_NVIC_EnableIRQ
 .text.HAL_NVIC_DisableIRQ
                0x0800385a       0x1c ./Drivers/STM32F4xx_HAL_Driver/Src/stm32f4xx_hal_cortex.o
                0x0800385a                HAL_NVIC_DisableIRQ
 .text.HAL_SYSTICK_Config
                0x08003876       0x18 ./Drivers/STM32F4xx_HAL_Driver/Src/stm32f4xx_hal_cortex.o
                0x08003876                HAL_SYSTICK_Config
 .text.HAL_DMA_Abort_IT
                0x0800388e       0x44 ./Drivers/STM32F4xx_HAL_Driver/Src/stm32f4xx_hal_dma.o
                0x0800388e                HAL_DMA_Abort_IT
 .text.HAL_DMA_GetState
                0x080038d2       0x1c ./Drivers/STM32F4xx_HAL_Driver/Src/stm32f4xx_hal_dma.o
                0x080038d2                HAL_DMA_GetState
 *fill*         0x080038ee        0x2 
 .text.HAL_GPIO_Init
                0x080038f0      0x338 ./Drivers/STM32F4xx_HAL_Driver/Src/stm32f4xx_hal_gpio.o
                0x080038f0                HAL_GPIO_Init
 .text.HAL_GPIO_DeInit
                0x08003c28      0x1f8 ./Drivers/STM32F4xx_HAL_Driver/Src/stm32f4xx_hal_gpio.o
                0x08003c28                HAL_GPIO_DeInit
 .text.HAL_GPIO_WritePin
                0x08003e20       0x32 ./Drivers/STM32F4xx_HAL_Driver/Src/stm32f4xx_hal_gpio.o
                0x08003e20                HAL_GPIO_WritePin
 *fill*         0x08003e52        0x2 
 .text.HAL_I2C_Init
                0x08003e54      0x288 ./Drivers/STM32F4xx_HAL_Driver/Src/stm32f4xx_hal_i2c.o
                0x08003e54                HAL_I2C_Init
 .text.HAL_I2C_DeInit
                0x080040dc       0x5e ./Drivers/STM32F4xx_HAL_Driver/Src/stm32f4xx_hal_i2c.o
                0x080040dc                HAL_I2C_DeInit
 .text.I2C_Flush_DR
                0x0800413a       0x2a ./Drivers/STM32F4xx_HAL_Driver/Src/stm32f4xx_hal_i2c.o
 .text.HAL_I2C_Master_Transmit_IT
                0x08004164      0x144 ./Drivers/STM32F4xx_HAL_Driver/Src/stm32f4xx_hal_i2c.o
                0x08004164                HAL_I2C_Master_Transmit_IT
 .text.HAL_I2C_Master_Receive_IT
                0x080042a8      0x154 ./Drivers/STM32F4xx_HAL_Driver/Src/stm32f4xx_hal_i2c.o
                0x080042a8                HAL_I2C_Master_Receive_IT
 .text.HAL_I2C_EV_IRQHandler
                0x080043fc      0x2e2 ./Drivers/STM32F4xx_HAL_Driver/Src/stm32f4xx_hal_i2c.o
                0x080043fc                HAL_I2C_EV_IRQHandler
 .text.HAL_I2C_ER_IRQHandler
                0x080046de      0x14e ./Drivers/STM32F4xx_HAL_Driver/Src/stm32f4xx_hal_i2c.o
                0x080046de                HAL_I2C_ER_IRQHandler
 .text.HAL_I2C_SlaveTxCpltCallback
                0x0800482c       0x14 ./Drivers/STM32F4xx_HAL_Driver/Src/stm32f4xx_hal_i2c.o
                0x0800482c                HAL_I2C_SlaveTxCpltCallback
 .text.HAL_I2C_SlaveRxCpltCallback
                0x08004840       0x14 ./Drivers/STM32F4xx_HAL_Driver/Src/stm32f4xx_hal_i2c.o
                0x08004840                HAL_I2C_SlaveRxCpltCallback
 .text.HAL_I2C_AddrCallback
                0x08004854       0x1c ./Drivers/STM32F4xx_HAL_Driver/Src/stm32f4xx_hal_i2c.o
                0x08004854                HAL_I2C_AddrCallback
 .text.HAL_I2C_ListenCpltCallback
                0x08004870       0x14 ./Drivers/STM32F4xx_HAL_Driver/Src/stm32f4xx_hal_i2c.o
                0x08004870                HAL_I2C_ListenCpltCallback
 .text.HAL_I2C_MemTxCpltCallback
                0x08004884       0x14 ./Drivers/STM32F4xx_HAL_Driver/Src/stm32f4xx_hal_i2c.o
                0x08004884                HAL_I2C_MemTxCpltCallback
 .text.HAL_I2C_MemRxCpltCallback
                0x08004898       0x14 ./Drivers/STM32F4xx_HAL_Driver/Src/stm32f4xx_hal_i2c.o
                0x08004898                HAL_I2C_MemRxCpltCallback
 .text.HAL_I2C_AbortCpltCallback
                0x080048ac       0x14 ./Drivers/STM32F4xx_HAL_Driver/Src/stm32f4xx_hal_i2c.o
                0x080048ac                HAL_I2C_AbortCpltCallback
 .text.I2C_MasterTransmit_TXE
                0x080048c0      0x138 ./Drivers/STM32F4xx_HAL_Driver/Src/stm32f4xx_hal_i2c.o
 .text.I2C_MasterTransmit_BTF
                0x080049f8       0xec ./Drivers/STM32F4xx_HAL_Driver/Src/stm32f4xx_hal_i2c.o
 .text.I2C_MemoryTransmit_TXE_BTF
                0x08004ae4      0x130 ./Drivers/STM32F4xx_HAL_Driver/Src/stm32f4xx_hal_i2c.o
 .text.I2C_MasterReceive_RXNE
                0x08004c14      0x190 ./Drivers/STM32F4xx_HAL_Driver/Src/stm32f4xx_hal_i2c.o
 .text.I2C_MasterReceive_BTF
                0x08004da4      0x1e2 ./Drivers/STM32F4xx_HAL_Driver/Src/stm32f4xx_hal_i2c.o
 .text.I2C_Master_SB
                0x08004f86      0x10c ./Drivers/STM32F4xx_HAL_Driver/Src/stm32f4xx_hal_i2c.o
 .text.I2C_Master_ADD10
                0x08005092       0x54 ./Drivers/STM32F4xx_HAL_Driver/Src/stm32f4xx_hal_i2c.o
 .text.I2C_Master_ADDR
                0x080050e6      0x322 ./Drivers/STM32F4xx_HAL_Driver/Src/stm32f4xx_hal_i2c.o
 .text.I2C_SlaveTransmit_TXE
                0x08005408       0x7a ./Drivers/STM32F4xx_HAL_Driver/Src/stm32f4xx_hal_i2c.o
 .text.I2C_SlaveTransmit_BTF
                0x08005482       0x42 ./Drivers/STM32F4xx_HAL_Driver/Src/stm32f4xx_hal_i2c.o
 .text.I2C_SlaveReceive_RXNE
                0x080054c4       0x7c ./Drivers/STM32F4xx_HAL_Driver/Src/stm32f4xx_hal_i2c.o
 .text.I2C_SlaveReceive_BTF
                0x08005540       0x44 ./Drivers/STM32F4xx_HAL_Driver/Src/stm32f4xx_hal_i2c.o
 .text.I2C_Slave_ADDR
                0x08005584       0x94 ./Drivers/STM32F4xx_HAL_Driver/Src/stm32f4xx_hal_i2c.o
 .text.I2C_Slave_STOPF
                0x08005618      0x260 ./Drivers/STM32F4xx_HAL_Driver/Src/stm32f4xx_hal_i2c.o
 .text.I2C_Slave_AF
                0x08005878       0xe8 ./Drivers/STM32F4xx_HAL_Driver/Src/stm32f4xx_hal_i2c.o
 .text.I2C_ITError
                0x08005960      0x264 ./Drivers/STM32F4xx_HAL_Driver/Src/stm32f4xx_hal_i2c.o
 .text.I2C_DMAAbort
                0x08005bc4      0x150 ./Drivers/STM32F4xx_HAL_Driver/Src/stm32f4xx_hal_i2c.o
 .text.I2C_WaitOnSTOPRequestThroughIT
                0x08005d14       0x64 ./Drivers/STM32F4xx_HAL_Driver/Src/stm32f4xx_hal_i2c.o
 .text.I2C_ConvertOtherXferOptions
                0x08005d78       0x36 ./Drivers/STM32F4xx_HAL_Driver/Src/stm32f4xx_hal_i2c.o
 *fill*         0x08005dae        0x2 
 .text.HAL_RCC_OscConfig
                0x08005db0      0x4f0 ./Drivers/STM32F4xx_HAL_Driver/Src/stm32f4xx_hal_rcc.o
                0x08005db0                HAL_RCC_OscConfig
 .text.HAL_RCC_ClockConfig
                0x080062a0      0x1cc ./Drivers/STM32F4xx_HAL_Driver/Src/stm32f4xx_hal_rcc.o
                0x080062a0                HAL_RCC_ClockConfig
 .text.HAL_RCC_GetSysClockFreq
                0x0800646c      0x20c ./Drivers/STM32F4xx_HAL_Driver/Src/stm32f4xx_hal_rcc.o
                0x0800646c                HAL_RCC_GetSysClockFreq
 .text.HAL_RCC_GetHCLKFreq
                0x08006678       0x18 ./Drivers/STM32F4xx_HAL_Driver/Src/stm32f4xx_hal_rcc.o
                0x08006678                HAL_RCC_GetHCLKFreq
 .text.HAL_RCC_GetPCLK1Freq
                0x08006690       0x28 ./Drivers/STM32F4xx_HAL_Driver/Src/stm32f4xx_hal_rcc.o
                0x08006690                HAL_RCC_GetPCLK1Freq
 .text.HAL_TIM_Base_Init
                0x080066b8       0x9e ./Drivers/STM32F4xx_HAL_Driver/Src/stm32f4xx_hal_tim.o
                0x080066b8                HAL_TIM_Base_Init
 *fill*         0x08006756        0x2 
 .text.HAL_TIM_Base_Start
                0x08006758       0xd0 ./Drivers/STM32F4xx_HAL_Driver/Src/stm32f4xx_hal_tim.o
                0x08006758                HAL_TIM_Base_Start
 .text.TIM_Base_SetConfig
                0x08006828      0x14c ./Drivers/STM32F4xx_HAL_Driver/Src/stm32f4xx_hal_tim.o
                0x08006828                TIM_Base_SetConfig
 .text.std      0x08006974       0x6c D:/ST/STM32CubeIDE_1.19.0/STM32CubeIDE/plugins/com.st.stm32cube.ide.mcu.externaltools.gnu-tools-for-stm32.13.3.rel1.win32_1.0.0.202411081344/tools/bin/../lib/gcc/arm-none-eabi/13.3.1/../../../../arm-none-eabi/lib/thumb/v7e-m+fp/hard\libc_nano.a(libc_a-findfp.o)
 .text.stdio_exit_handler
                0x080069e0       0x18 D:/ST/STM32CubeIDE_1.19.0/STM32CubeIDE/plugins/com.st.stm32cube.ide.mcu.externaltools.gnu-tools-for-stm32.13.3.rel1.win32_1.0.0.202411081344/tools/bin/../lib/gcc/arm-none-eabi/13.3.1/../../../../arm-none-eabi/lib/thumb/v7e-m+fp/hard\libc_nano.a(libc_a-findfp.o)
 .text.cleanup_stdio
                0x080069f8       0x40 D:/ST/STM32CubeIDE_1.19.0/STM32CubeIDE/plugins/com.st.stm32cube.ide.mcu.externaltools.gnu-tools-for-stm32.13.3.rel1.win32_1.0.0.202411081344/tools/bin/../lib/gcc/arm-none-eabi/13.3.1/../../../../arm-none-eabi/lib/thumb/v7e-m+fp/hard\libc_nano.a(libc_a-findfp.o)
 .text.global_stdio_init.part.0
                0x08006a38       0x3c D:/ST/STM32CubeIDE_1.19.0/STM32CubeIDE/plugins/com.st.stm32cube.ide.mcu.externaltools.gnu-tools-for-stm32.13.3.rel1.win32_1.0.0.202411081344/tools/bin/../lib/gcc/arm-none-eabi/13.3.1/../../../../arm-none-eabi/lib/thumb/v7e-m+fp/hard\libc_nano.a(libc_a-findfp.o)
 .text.__sfp_lock_acquire
                0x08006a74        0xc D:/ST/STM32CubeIDE_1.19.0/STM32CubeIDE/plugins/com.st.stm32cube.ide.mcu.externaltools.gnu-tools-for-stm32.13.3.rel1.win32_1.0.0.202411081344/tools/bin/../lib/gcc/arm-none-eabi/13.3.1/../../../../arm-none-eabi/lib/thumb/v7e-m+fp/hard\libc_nano.a(libc_a-findfp.o)
                0x08006a74                __sfp_lock_acquire
 .text.__sfp_lock_release
                0x08006a80        0xc D:/ST/STM32CubeIDE_1.19.0/STM32CubeIDE/plugins/com.st.stm32cube.ide.mcu.externaltools.gnu-tools-for-stm32.13.3.rel1.win32_1.0.0.202411081344/tools/bin/../lib/gcc/arm-none-eabi/13.3.1/../../../../arm-none-eabi/lib/thumb/v7e-m+fp/hard\libc_nano.a(libc_a-findfp.o)
                0x08006a80                __sfp_lock_release
 .text.__sinit  0x08006a8c       0x30 D:/ST/STM32CubeIDE_1.19.0/STM32CubeIDE/plugins/com.st.stm32cube.ide.mcu.externaltools.gnu-tools-for-stm32.13.3.rel1.win32_1.0.0.202411081344/tools/bin/../lib/gcc/arm-none-eabi/13.3.1/../../../../arm-none-eabi/lib/thumb/v7e-m+fp/hard\libc_nano.a(libc_a-findfp.o)
                0x08006a8c                __sinit
 .text._fwalk_sglue
                0x08006abc       0x3c D:/ST/STM32CubeIDE_1.19.0/STM32CubeIDE/plugins/com.st.stm32cube.ide.mcu.externaltools.gnu-tools-for-stm32.13.3.rel1.win32_1.0.0.202411081344/tools/bin/../lib/gcc/arm-none-eabi/13.3.1/../../../../arm-none-eabi/lib/thumb/v7e-m+fp/hard\libc_nano.a(libc_a-fwalk.o)
                0x08006abc                _fwalk_sglue
 .text.printf   0x08006af8       0x24 D:/ST/STM32CubeIDE_1.19.0/STM32CubeIDE/plugins/com.st.stm32cube.ide.mcu.externaltools.gnu-tools-for-stm32.13.3.rel1.win32_1.0.0.202411081344/tools/bin/../lib/gcc/arm-none-eabi/13.3.1/../../../../arm-none-eabi/lib/thumb/v7e-m+fp/hard\libc_nano.a(libc_a-printf.o)
                0x08006af8                iprintf
                0x08006af8                printf
 .text.__sread  0x08006b1c       0x22 D:/ST/STM32CubeIDE_1.19.0/STM32CubeIDE/plugins/com.st.stm32cube.ide.mcu.externaltools.gnu-tools-for-stm32.13.3.rel1.win32_1.0.0.202411081344/tools/bin/../lib/gcc/arm-none-eabi/13.3.1/../../../../arm-none-eabi/lib/thumb/v7e-m+fp/hard\libc_nano.a(libc_a-stdio.o)
                0x08006b1c                __sread
 .text.__swrite
                0x08006b3e       0x38 D:/ST/STM32CubeIDE_1.19.0/STM32CubeIDE/plugins/com.st.stm32cube.ide.mcu.externaltools.gnu-tools-for-stm32.13.3.rel1.win32_1.0.0.202411081344/tools/bin/../lib/gcc/arm-none-eabi/13.3.1/../../../../arm-none-eabi/lib/thumb/v7e-m+fp/hard\libc_nano.a(libc_a-stdio.o)
                0x08006b3e                __swrite
 .text.__sseek  0x08006b76       0x24 D:/ST/STM32CubeIDE_1.19.0/STM32CubeIDE/plugins/com.st.stm32cube.ide.mcu.externaltools.gnu-tools-for-stm32.13.3.rel1.win32_1.0.0.202411081344/tools/bin/../lib/gcc/arm-none-eabi/13.3.1/../../../../arm-none-eabi/lib/thumb/v7e-m+fp/hard\libc_nano.a(libc_a-stdio.o)
                0x08006b76                __sseek
 .text.__sclose
                0x08006b9a        0x8 D:/ST/STM32CubeIDE_1.19.0/STM32CubeIDE/plugins/com.st.stm32cube.ide.mcu.externaltools.gnu-tools-for-stm32.13.3.rel1.win32_1.0.0.202411081344/tools/bin/../lib/gcc/arm-none-eabi/13.3.1/../../../../arm-none-eabi/lib/thumb/v7e-m+fp/hard\libc_nano.a(libc_a-stdio.o)
                0x08006b9a                __sclose
 .text.memset   0x08006ba2       0x10 D:/ST/STM32CubeIDE_1.19.0/STM32CubeIDE/plugins/com.st.stm32cube.ide.mcu.externaltools.gnu-tools-for-stm32.13.3.rel1.win32_1.0.0.202411081344/tools/bin/../lib/gcc/arm-none-eabi/13.3.1/../../../../arm-none-eabi/lib/thumb/v7e-m+fp/hard\libc_nano.a(libc_a-memset.o)
                0x08006ba2                memset
 *fill*         0x08006bb2        0x2 
 .text._close_r
                0x08006bb4       0x20 D:/ST/STM32CubeIDE_1.19.0/STM32CubeIDE/plugins/com.st.stm32cube.ide.mcu.externaltools.gnu-tools-for-stm32.13.3.rel1.win32_1.0.0.202411081344/tools/bin/../lib/gcc/arm-none-eabi/13.3.1/../../../../arm-none-eabi/lib/thumb/v7e-m+fp/hard\libc_nano.a(libc_a-closer.o)
                0x08006bb4                _close_r
 .text._lseek_r
                0x08006bd4       0x24 D:/ST/STM32CubeIDE_1.19.0/STM32CubeIDE/plugins/com.st.stm32cube.ide.mcu.externaltools.gnu-tools-for-stm32.13.3.rel1.win32_1.0.0.202411081344/tools/bin/../lib/gcc/arm-none-eabi/13.3.1/../../../../arm-none-eabi/lib/thumb/v7e-m+fp/hard\libc_nano.a(libc_a-lseekr.o)
                0x08006bd4                _lseek_r
 .text._read_r  0x08006bf8       0x24 D:/ST/STM32CubeIDE_1.19.0/STM32CubeIDE/plugins/com.st.stm32cube.ide.mcu.externaltools.gnu-tools-for-stm32.13.3.rel1.win32_1.0.0.202411081344/tools/bin/../lib/gcc/arm-none-eabi/13.3.1/../../../../arm-none-eabi/lib/thumb/v7e-m+fp/hard\libc_nano.a(libc_a-readr.o)
                0x08006bf8                _read_r
 .text._write_r
                0x08006c1c       0x24 D:/ST/STM32CubeIDE_1.19.0/STM32CubeIDE/plugins/com.st.stm32cube.ide.mcu.externaltools.gnu-tools-for-stm32.13.3.rel1.win32_1.0.0.202411081344/tools/bin/../lib/gcc/arm-none-eabi/13.3.1/../../../../arm-none-eabi/lib/thumb/v7e-m+fp/hard\libc_nano.a(libc_a-writer.o)
                0x08006c1c                _write_r
 .text.__errno  0x08006c40        0xc D:/ST/STM32CubeIDE_1.19.0/STM32CubeIDE/plugins/com.st.stm32cube.ide.mcu.externaltools.gnu-tools-for-stm32.13.3.rel1.win32_1.0.0.202411081344/tools/bin/../lib/gcc/arm-none-eabi/13.3.1/../../../../arm-none-eabi/lib/thumb/v7e-m+fp/hard\libc_nano.a(libc_a-errno.o)
                0x08006c40                __errno
 .text.__libc_init_array
                0x08006c4c       0x48 D:/ST/STM32CubeIDE_1.19.0/STM32CubeIDE/plugins/com.st.stm32cube.ide.mcu.externaltools.gnu-tools-for-stm32.13.3.rel1.win32_1.0.0.202411081344/tools/bin/../lib/gcc/arm-none-eabi/13.3.1/../../../../arm-none-eabi/lib/thumb/v7e-m+fp/hard\libc_nano.a(libc_a-init.o)
                0x08006c4c                __libc_init_array
 .text.__retarget_lock_init_recursive
                0x08006c94        0x2 D:/ST/STM32CubeIDE_1.19.0/STM32CubeIDE/plugins/com.st.stm32cube.ide.mcu.externaltools.gnu-tools-for-stm32.13.3.rel1.win32_1.0.0.202411081344/tools/bin/../lib/gcc/arm-none-eabi/13.3.1/../../../../arm-none-eabi/lib/thumb/v7e-m+fp/hard\libc_nano.a(libc_a-lock.o)
                0x08006c94                __retarget_lock_init_recursive
 .text.__retarget_lock_acquire_recursive
                0x08006c96        0x2 D:/ST/STM32CubeIDE_1.19.0/STM32CubeIDE/plugins/com.st.stm32cube.ide.mcu.externaltools.gnu-tools-for-stm32.13.3.rel1.win32_1.0.0.202411081344/tools/bin/../lib/gcc/arm-none-eabi/13.3.1/../../../../arm-none-eabi/lib/thumb/v7e-m+fp/hard\libc_nano.a(libc_a-lock.o)
                0x08006c96                __retarget_lock_acquire_recursive
 .text.__retarget_lock_release_recursive
                0x08006c98        0x2 D:/ST/STM32CubeIDE_1.19.0/STM32CubeIDE/plugins/com.st.stm32cube.ide.mcu.externaltools.gnu-tools-for-stm32.13.3.rel1.win32_1.0.0.202411081344/tools/bin/../lib/gcc/arm-none-eabi/13.3.1/../../../../arm-none-eabi/lib/thumb/v7e-m+fp/hard\libc_nano.a(libc_a-lock.o)
                0x08006c98                __retarget_lock_release_recursive
 .text.memcpy   0x08006c9a       0x1c D:/ST/STM32CubeIDE_1.19.0/STM32CubeIDE/plugins/com.st.stm32cube.ide.mcu.externaltools.gnu-tools-for-stm32.13.3.rel1.win32_1.0.0.202411081344/tools/bin/../lib/gcc/arm-none-eabi/13.3.1/../../../../arm-none-eabi/lib/thumb/v7e-m+fp/hard\libc_nano.a(libc_a-memcpy-stub.o)
                0x08006c9a                memcpy
 *fill*         0x08006cb6        0x2 
 .text._free_r  0x08006cb8       0x94 D:/ST/STM32CubeIDE_1.19.0/STM32CubeIDE/plugins/com.st.stm32cube.ide.mcu.externaltools.gnu-tools-for-stm32.13.3.rel1.win32_1.0.0.202411081344/tools/bin/../lib/gcc/arm-none-eabi/13.3.1/../../../../arm-none-eabi/lib/thumb/v7e-m+fp/hard\libc_nano.a(libc_a-freer.o)
                0x08006cb8                _free_r
 .text.sbrk_aligned
                0x08006d4c       0x44 D:/ST/STM32CubeIDE_1.19.0/STM32CubeIDE/plugins/com.st.stm32cube.ide.mcu.externaltools.gnu-tools-for-stm32.13.3.rel1.win32_1.0.0.202411081344/tools/bin/../lib/gcc/arm-none-eabi/13.3.1/../../../../arm-none-eabi/lib/thumb/v7e-m+fp/hard\libc_nano.a(libc_a-mallocr.o)
 .text._malloc_r
                0x08006d90      0x100 D:/ST/STM32CubeIDE_1.19.0/STM32CubeIDE/plugins/com.st.stm32cube.ide.mcu.externaltools.gnu-tools-for-stm32.13.3.rel1.win32_1.0.0.202411081344/tools/bin/../lib/gcc/arm-none-eabi/13.3.1/../../../../arm-none-eabi/lib/thumb/v7e-m+fp/hard\libc_nano.a(libc_a-mallocr.o)
                0x08006d90                _malloc_r
 .text.__malloc_lock
                0x08006e90        0xc D:/ST/STM32CubeIDE_1.19.0/STM32CubeIDE/plugins/com.st.stm32cube.ide.mcu.externaltools.gnu-tools-for-stm32.13.3.rel1.win32_1.0.0.202411081344/tools/bin/../lib/gcc/arm-none-eabi/13.3.1/../../../../arm-none-eabi/lib/thumb/v7e-m+fp/hard\libc_nano.a(libc_a-mlock.o)
                0x08006e90                __malloc_lock
 .text.__malloc_unlock
                0x08006e9c        0xc D:/ST/STM32CubeIDE_1.19.0/STM32CubeIDE/plugins/com.st.stm32cube.ide.mcu.externaltools.gnu-tools-for-stm32.13.3.rel1.win32_1.0.0.202411081344/tools/bin/../lib/gcc/arm-none-eabi/13.3.1/../../../../arm-none-eabi/lib/thumb/v7e-m+fp/hard\libc_nano.a(libc_a-mlock.o)
                0x08006e9c                __malloc_unlock
 .text.__sfputc_r
                0x08006ea8       0x2e D:/ST/STM32CubeIDE_1.19.0/STM32CubeIDE/plugins/com.st.stm32cube.ide.mcu.externaltools.gnu-tools-for-stm32.13.3.rel1.win32_1.0.0.202411081344/tools/bin/../lib/gcc/arm-none-eabi/13.3.1/../../../../arm-none-eabi/lib/thumb/v7e-m+fp/hard\libc_nano.a(libc_a-nano-vfprintf.o)
 .text.__sfputs_r
                0x08006ed6       0x24 D:/ST/STM32CubeIDE_1.19.0/STM32CubeIDE/plugins/com.st.stm32cube.ide.mcu.externaltools.gnu-tools-for-stm32.13.3.rel1.win32_1.0.0.202411081344/tools/bin/../lib/gcc/arm-none-eabi/13.3.1/../../../../arm-none-eabi/lib/thumb/v7e-m+fp/hard\libc_nano.a(libc_a-nano-vfprintf.o)
                0x08006ed6                __sfputs_r
 *fill*         0x08006efa        0x2 
 .text._vfprintf_r
                0x08006efc      0x230 D:/ST/STM32CubeIDE_1.19.0/STM32CubeIDE/plugins/com.st.stm32cube.ide.mcu.externaltools.gnu-tools-for-stm32.13.3.rel1.win32_1.0.0.202411081344/tools/bin/../lib/gcc/arm-none-eabi/13.3.1/../../../../arm-none-eabi/lib/thumb/v7e-m+fp/hard\libc_nano.a(libc_a-nano-vfprintf.o)
                0x08006efc                _vfprintf_r
                0x08006efc                _vfiprintf_r
 .text._printf_common
                0x0800712c       0xda D:/ST/STM32CubeIDE_1.19.0/STM32CubeIDE/plugins/com.st.stm32cube.ide.mcu.externaltools.gnu-tools-for-stm32.13.3.rel1.win32_1.0.0.202411081344/tools/bin/../lib/gcc/arm-none-eabi/13.3.1/../../../../arm-none-eabi/lib/thumb/v7e-m+fp/hard\libc_nano.a(libc_a-nano-vfprintf_i.o)
                0x0800712c                _printf_common
 *fill*         0x08007206        0x2 
 .text._printf_i
                0x08007208      0x23c D:/ST/STM32CubeIDE_1.19.0/STM32CubeIDE/plugins/com.st.stm32cube.ide.mcu.externaltools.gnu-tools-for-stm32.13.3.rel1.win32_1.0.0.202411081344/tools/bin/../lib/gcc/arm-none-eabi/13.3.1/../../../../arm-none-eabi/lib/thumb/v7e-m+fp/hard\libc_nano.a(libc_a-nano-vfprintf_i.o)
                0x08007208                _printf_i
 .text.__sflush_r
                0x08007444      0x108 D:/ST/STM32CubeIDE_1.19.0/STM32CubeIDE/plugins/com.st.stm32cube.ide.mcu.externaltools.gnu-tools-for-stm32.13.3.rel1.win32_1.0.0.202411081344/tools/bin/../lib/gcc/arm-none-eabi/13.3.1/../../../../arm-none-eabi/lib/thumb/v7e-m+fp/hard\libc_nano.a(libc_a-fflush.o)
                0x08007444                __sflush_r
 .text._fflush_r
                0x0800754c       0x50 D:/ST/STM32CubeIDE_1.19.0/STM32CubeIDE/plugins/com.st.stm32cube.ide.mcu.externaltools.gnu-tools-for-stm32.13.3.rel1.win32_1.0.0.202411081344/tools/bin/../lib/gcc/arm-none-eabi/13.3.1/../../../../arm-none-eabi/lib/thumb/v7e-m+fp/hard\libc_nano.a(libc_a-fflush.o)
                0x0800754c                _fflush_r
 .text.__swbuf_r
                0x0800759c       0x7c D:/ST/STM32CubeIDE_1.19.0/STM32CubeIDE/plugins/com.st.stm32cube.ide.mcu.externaltools.gnu-tools-for-stm32.13.3.rel1.win32_1.0.0.202411081344/tools/bin/../lib/gcc/arm-none-eabi/13.3.1/../../../../arm-none-eabi/lib/thumb/v7e-m+fp/hard\libc_nano.a(libc_a-wbuf.o)
                0x0800759c                __swbuf_r
 .text.__swsetup_r
                0x08007618       0xac D:/ST/STM32CubeIDE_1.19.0/STM32CubeIDE/plugins/com.st.stm32cube.ide.mcu.externaltools.gnu-tools-for-stm32.13.3.rel1.win32_1.0.0.202411081344/tools/bin/../lib/gcc/arm-none-eabi/13.3.1/../../../../arm-none-eabi/lib/thumb/v7e-m+fp/hard\libc_nano.a(libc_a-wsetup.o)
                0x08007618                __swsetup_r
 .text._sbrk_r  0x080076c4       0x20 D:/ST/STM32CubeIDE_1.19.0/STM32CubeIDE/plugins/com.st.stm32cube.ide.mcu.externaltools.gnu-tools-for-stm32.13.3.rel1.win32_1.0.0.202411081344/tools/bin/../lib/gcc/arm-none-eabi/13.3.1/../../../../arm-none-eabi/lib/thumb/v7e-m+fp/hard\libc_nano.a(libc_a-sbrkr.o)
                0x080076c4                _sbrk_r
 .text.__swhatbuf_r
                0x080076e4       0x4c D:/ST/STM32CubeIDE_1.19.0/STM32CubeIDE/plugins/com.st.stm32cube.ide.mcu.externaltools.gnu-tools-for-stm32.13.3.rel1.win32_1.0.0.202411081344/tools/bin/../lib/gcc/arm-none-eabi/13.3.1/../../../../arm-none-eabi/lib/thumb/v7e-m+fp/hard\libc_nano.a(libc_a-makebuf.o)
                0x080076e4                __swhatbuf_r
 .text.__smakebuf_r
                0x08007730       0x78 D:/ST/STM32CubeIDE_1.19.0/STM32CubeIDE/plugins/com.st.stm32cube.ide.mcu.externaltools.gnu-tools-for-stm32.13.3.rel1.win32_1.0.0.202411081344/tools/bin/../lib/gcc/arm-none-eabi/13.3.1/../../../../arm-none-eabi/lib/thumb/v7e-m+fp/hard\libc_nano.a(libc_a-makebuf.o)
                0x08007730                __smakebuf_r
 .text._fstat_r
                0x080077a8       0x24 D:/ST/STM32CubeIDE_1.19.0/STM32CubeIDE/plugins/com.st.stm32cube.ide.mcu.externaltools.gnu-tools-for-stm32.13.3.rel1.win32_1.0.0.202411081344/tools/bin/../lib/gcc/arm-none-eabi/13.3.1/../../../../arm-none-eabi/lib/thumb/v7e-m+fp/hard\libc_nano.a(libc_a-fstatr.o)
                0x080077a8                _fstat_r
 .text._isatty_r
                0x080077cc       0x20 D:/ST/STM32CubeIDE_1.19.0/STM32CubeIDE/plugins/com.st.stm32cube.ide.mcu.externaltools.gnu-tools-for-stm32.13.3.rel1.win32_1.0.0.202411081344/tools/bin/../lib/gcc/arm-none-eabi/13.3.1/../../../../arm-none-eabi/lib/thumb/v7e-m+fp/hard\libc_nano.a(libc_a-isattyr.o)
                0x080077cc                _isatty_r
 *(.glue_7)
 .glue_7        0x080077ec        0x0 linker stubs
 *(.glue_7t)
 .glue_7t       0x080077ec        0x0 linker stubs
 *(.eh_frame)
 .eh_frame      0x080077ec        0x0 D:/ST/STM32CubeIDE_1.19.0/STM32CubeIDE/plugins/com.st.stm32cube.ide.mcu.externaltools.gnu-tools-for-stm32.13.3.rel1.win32_1.0.0.202411081344/tools/bin/../lib/gcc/arm-none-eabi/13.3.1/thumb/v7e-m+fp/hard/crtbegin.o
 *(.init)
 .init          0x080077ec        0x4 D:/ST/STM32CubeIDE_1.19.0/STM32CubeIDE/plugins/com.st.stm32cube.ide.mcu.externaltools.gnu-tools-for-stm32.13.3.rel1.win32_1.0.0.202411081344/tools/bin/../lib/gcc/arm-none-eabi/13.3.1/thumb/v7e-m+fp/hard/crti.o
                0x080077ec                _init
 .init          0x080077f0        0x8 D:/ST/STM32CubeIDE_1.19.0/STM32CubeIDE/plugins/com.st.stm32cube.ide.mcu.externaltools.gnu-tools-for-stm32.13.3.rel1.win32_1.0.0.202411081344/tools/bin/../lib/gcc/arm-none-eabi/13.3.1/thumb/v7e-m+fp/hard/crtn.o
 *(.fini)
 .fini          0x080077f8        0x4 D:/ST/STM32CubeIDE_1.19.0/STM32CubeIDE/plugins/com.st.stm32cube.ide.mcu.externaltools.gnu-tools-for-stm32.13.3.rel1.win32_1.0.0.202411081344/tools/bin/../lib/gcc/arm-none-eabi/13.3.1/thumb/v7e-m+fp/hard/crti.o
                0x080077f8                _fini
 .fini          0x080077fc        0x8 D:/ST/STM32CubeIDE_1.19.0/STM32CubeIDE/plugins/com.st.stm32cube.ide.mcu.externaltools.gnu-tools-for-stm32.13.3.rel1.win32_1.0.0.202411081344/tools/bin/../lib/gcc/arm-none-eabi/13.3.1/thumb/v7e-m+fp/hard/crtn.o
                0x08007804                        . = ALIGN (0x4)
                0x08007804                        _etext = .

.vfp11_veneer   0x08007804        0x0
 .vfp11_veneer  0x08007804        0x0 linker stubs

.v4_bx          0x08007804        0x0
 .v4_bx         0x08007804        0x0 linker stubs

.iplt           0x08007804        0x0
 .iplt          0x08007804        0x0 D:/ST/STM32CubeIDE_1.19.0/STM32CubeIDE/plugins/com.st.stm32cube.ide.mcu.externaltools.gnu-tools-for-stm32.13.3.rel1.win32_1.0.0.202411081344/tools/bin/../lib/gcc/arm-none-eabi/13.3.1/thumb/v7e-m+fp/hard/crtbegin.o

.rodata         0x08007804       0xbc
                0x08007804                        . = ALIGN (0x4)
 *(.rodata)
 .rodata        0x08007804       0x10 ./Core/Src/main.o
 *(.rodata*)
 .rodata.sh2ReportLens
                0x08007814       0x60 ./Core/Src/sh2.o
 .rodata.AHBPrescTable
                0x08007874       0x10 ./Core/Src/system_stm32f4xx.o
                0x08007874                AHBPrescTable
 .rodata.APBPrescTable
                0x08007884        0x8 ./Core/Src/system_stm32f4xx.o
                0x08007884                APBPrescTable
 .rodata._vfprintf_r.str1.1
                0x0800788c       0x33 D:/ST/STM32CubeIDE_1.19.0/STM32CubeIDE/plugins/com.st.stm32cube.ide.mcu.externaltools.gnu-tools-for-stm32.13.3.rel1.win32_1.0.0.202411081344/tools/bin/../lib/gcc/arm-none-eabi/13.3.1/../../../../arm-none-eabi/lib/thumb/v7e-m+fp/hard\libc_nano.a(libc_a-nano-vfprintf.o)
                                 0x11 (size before relaxing)
 .rodata._printf_i.str1.1
                0x080078bf       0x22 D:/ST/STM32CubeIDE_1.19.0/STM32CubeIDE/plugins/com.st.stm32cube.ide.mcu.externaltools.gnu-tools-for-stm32.13.3.rel1.win32_1.0.0.202411081344/tools/bin/../lib/gcc/arm-none-eabi/13.3.1/../../../../arm-none-eabi/lib/thumb/v7e-m+fp/hard\libc_nano.a(libc_a-nano-vfprintf_i.o)
                0x080078e4                        . = ALIGN (0x4)
 *fill*         0x080078bf        0x1 

.ARM.extab      0x080078c0        0x0
                0x080078c0                        . = ALIGN (0x4)
 *(.ARM.extab* .gnu.linkonce.armextab.*)
                0x080078c0                        . = ALIGN (0x4)

.ARM            0x080078c0        0x8
                0x080078c0                        . = ALIGN (0x4)
                0x080078c0                        __exidx_start = .
 *(.ARM.exidx*)
 .ARM.exidx     0x080078c0        0x8 D:/ST/STM32CubeIDE_1.19.0/STM32CubeIDE/plugins/com.st.stm32cube.ide.mcu.externaltools.gnu-tools-for-stm32.13.3.rel1.win32_1.0.0.202411081344/tools/bin/../lib/gcc/arm-none-eabi/13.3.1/../../../../arm-none-eabi/lib/thumb/v7e-m+fp/hard\libc_nano.a(libc_a-memchr.o)
 .ARM.exidx     0x080078c8        0x0 D:/ST/STM32CubeIDE_1.19.0/STM32CubeIDE/plugins/com.st.stm32cube.ide.mcu.externaltools.gnu-tools-for-stm32.13.3.rel1.win32_1.0.0.202411081344/tools/bin/../lib/gcc/arm-none-eabi/13.3.1/thumb/v7e-m+fp/hard\libgcc.a(_udivmoddi4.o)
                                  0x8 (size before relaxing)
                0x080078c8                        __exidx_end = .
                0x080078c8                        . = ALIGN (0x4)

.preinit_array  0x080078c8        0x0
                0x080078c8                        . = ALIGN (0x4)
                0x080078c8                        PROVIDE (__preinit_array_start = .)
 *(.preinit_array*)
                0x080078c8                        PROVIDE (__preinit_array_end = .)
                0x080078c8                        . = ALIGN (0x4)

.init_array     0x080078c8        0x4
                0x080078c8                        . = ALIGN (0x4)
                0x080078c8                        PROVIDE (__init_array_start = .)
 *(SORT_BY_NAME(.init_array.*))
 *(.init_array*)
 .init_array    0x080078c8        0x4 D:/ST/STM32CubeIDE_1.19.0/STM32CubeIDE/plugins/com.st.stm32cube.ide.mcu.externaltools.gnu-tools-for-stm32.13.3.rel1.win32_1.0.0.202411081344/tools/bin/../lib/gcc/arm-none-eabi/13.3.1/thumb/v7e-m+fp/hard/crtbegin.o
                0x080078cc                        PROVIDE (__init_array_end = .)
                0x080078cc                        . = ALIGN (0x4)

.fini_array     0x080078cc        0x4
                0x080078cc                        . = ALIGN (0x4)
                [!provide]                        PROVIDE (__fini_array_start = .)
 *(SORT_BY_NAME(.fini_array.*))
 *(.fini_array*)
 .fini_array    0x080078cc        0x4 D:/ST/STM32CubeIDE_1.19.0/STM32CubeIDE/plugins/com.st.stm32cube.ide.mcu.externaltools.gnu-tools-for-stm32.13.3.rel1.win32_1.0.0.202411081344/tools/bin/../lib/gcc/arm-none-eabi/13.3.1/thumb/v7e-m+fp/hard/crtbegin.o
                [!provide]                        PROVIDE (__fini_array_end = .)
                0x080078d0                        . = ALIGN (0x4)
                0x080078d0                        _sidata = LOADADDR (.data)

.rel.dyn        0x080078d0        0x0
 .rel.iplt      0x080078d0        0x0 D:/ST/STM32CubeIDE_1.19.0/STM32CubeIDE/plugins/com.st.stm32cube.ide.mcu.externaltools.gnu-tools-for-stm32.13.3.rel1.win32_1.0.0.202411081344/tools/bin/../lib/gcc/arm-none-eabi/13.3.1/thumb/v7e-m+fp/hard/crtbegin.o

.data           0x20000000       0x68 load address 0x080078d0
                0x20000000                        . = ALIGN (0x4)
                0x20000000                        _sdata = .
 *(.data)
 *(.data*)
 .data.SystemCoreClock
                0x20000000        0x4 ./Core/Src/system_stm32f4xx.o
                0x20000000                SystemCoreClock
 .data.uwTickPrio
                0x20000004        0x4 ./Drivers/STM32F4xx_HAL_Driver/Src/stm32f4xx_hal.o
                0x20000004                uwTickPrio
 .data.uwTickFreq
                0x20000008        0x1 ./Drivers/STM32F4xx_HAL_Driver/Src/stm32f4xx_hal.o
                0x20000008                uwTickFreq
 *fill*         0x20000009        0x3 
 .data.__sglue  0x2000000c        0xc D:/ST/STM32CubeIDE_1.19.0/STM32CubeIDE/plugins/com.st.stm32cube.ide.mcu.externaltools.gnu-tools-for-stm32.13.3.rel1.win32_1.0.0.202411081344/tools/bin/../lib/gcc/arm-none-eabi/13.3.1/../../../../arm-none-eabi/lib/thumb/v7e-m+fp/hard\libc_nano.a(libc_a-findfp.o)
                0x2000000c                __sglue
 .data._impure_ptr
                0x20000018        0x4 D:/ST/STM32CubeIDE_1.19.0/STM32CubeIDE/plugins/com.st.stm32cube.ide.mcu.externaltools.gnu-tools-for-stm32.13.3.rel1.win32_1.0.0.202411081344/tools/bin/../lib/gcc/arm-none-eabi/13.3.1/../../../../arm-none-eabi/lib/thumb/v7e-m+fp/hard\libc_nano.a(libc_a-impure.o)
                0x20000018                _impure_ptr
 .data._impure_data
                0x2000001c       0x4c D:/ST/STM32CubeIDE_1.19.0/STM32CubeIDE/plugins/com.st.stm32cube.ide.mcu.externaltools.gnu-tools-for-stm32.13.3.rel1.win32_1.0.0.202411081344/tools/bin/../lib/gcc/arm-none-eabi/13.3.1/../../../../arm-none-eabi/lib/thumb/v7e-m+fp/hard\libc_nano.a(libc_a-impure.o)
                0x2000001c                _impure_data
 *(.RamFunc)
 *(.RamFunc*)
                0x20000068                        . = ALIGN (0x4)
                0x20000068                        _edata = .
                0x08007938                        _siccmram = LOADADDR (.ccmram)

.igot.plt       0x20000068        0x0 load address 0x08007938
 .igot.plt      0x20000068        0x0 D:/ST/STM32CubeIDE_1.19.0/STM32CubeIDE/plugins/com.st.stm32cube.ide.mcu.externaltools.gnu-tools-for-stm32.13.3.rel1.win32_1.0.0.202411081344/tools/bin/../lib/gcc/arm-none-eabi/13.3.1/thumb/v7e-m+fp/hard/crtbegin.o

.ccmram         0x10000000        0x0 load address 0x08007938
                0x10000000                        . = ALIGN (0x4)
                0x10000000                        _sccmram = .
 *(.ccmram)
 *(.ccmram*)
                0x10000000                        . = ALIGN (0x4)
                0x10000000                        _eccmram = .
                0x10000000                        . = ALIGN (0x4)

.bss            0x20000068     0x1180
                0x20000068                        _sbss = .
                0x20000068                        __bss_start__ = _sbss
 *(.bss)
 .bss           0x20000068       0x1c D:/ST/STM32CubeIDE_1.19.0/STM32CubeIDE/plugins/com.st.stm32cube.ide.mcu.externaltools.gnu-tools-for-stm32.13.3.rel1.win32_1.0.0.202411081344/tools/bin/../lib/gcc/arm-none-eabi/13.3.1/thumb/v7e-m+fp/hard/crtbegin.o
 *(.bss*)
 .bss.sh2_hal   0x20000084       0x18 ./Core/Src/bno08x_i2c_hal.o
                0x20000084                sh2_hal
 .bss.isOpen    0x2000009c        0x1 ./Core/Src/i2c_hal.o
 .bss.i2cBusState
                0x2000009d        0x1 ./Core/Src/i2c_hal.o
 *fill*         0x2000009e        0x2 
 .bss.rxTimestamp_uS
                0x200000a0        0x4 ./Core/Src/i2c_hal.o
                0x200000a0                rxTimestamp_uS
 .bss.rxBuf     0x200000a4      0x400 ./Core/Src/i2c_hal.o
 .bss.rxBufLen  0x200004a4        0x4 ./Core/Src/i2c_hal.o
 .bss.hdrBuf    0x200004a8        0x4 ./Core/Src/i2c_hal.o
 .bss.hdrBufLen
                0x200004ac        0x4 ./Core/Src/i2c_hal.o
 .bss.payloadLen
                0x200004b0        0x2 ./Core/Src/i2c_hal.o
 *fill*         0x200004b2        0x2 
 .bss.txBuf     0x200004b4       0x80 ./Core/Src/i2c_hal.o
 .bss.txBufLen  0x20000534        0x4 ./Core/Src/i2c_hal.o
 .bss.rxDataReady
                0x20000538        0x1 ./Core/Src/i2c_hal.o
 *fill*         0x20000539        0x3 
 .bss.i2cRetries
                0x2000053c        0x4 ./Core/Src/i2c_hal.o
 .bss.i2cAddr   0x20000540        0x2 ./Core/Src/i2c_hal.o
 .bss.inReset   0x20000542        0x1 ./Core/Src/i2c_hal.o
 *fill*         0x20000543        0x1 
 .bss.hi2c1     0x20000544       0x54 ./Core/Src/main.o
                0x20000544                hi2c1
 .bss.htim2     0x20000598       0x48 ./Core/Src/main.o
                0x20000598                htim2
 .bss._sh2      0x200005e0      0x178 ./Core/Src/sh2.o
                0x200005e0                _sh2
 .bss.sh2AsyncEvent
                0x20000758       0x1c ./Core/Src/sh2.o
 .bss.lastHostInt.1
                0x20000774        0x4 ./Core/Src/sh2.o
 .bss.rollovers.0
                0x20000778        0x4 ./Core/Src/sh2.o
 .bss.instances
                0x2000077c      0x914 ./Core/Src/shtp.o
 .bss.shtp_initialized
                0x20001090        0x1 ./Core/Src/shtp.o
 *fill*         0x20001091        0x3 
 .bss.__sbrk_heap_end
                0x20001094        0x4 ./Core/Src/sysmem.o
 .bss.uwTick    0x20001098        0x4 ./Drivers/STM32F4xx_HAL_Driver/Src/stm32f4xx_hal.o
                0x20001098                uwTick
 .bss.__sf      0x2000109c      0x138 D:/ST/STM32CubeIDE_1.19.0/STM32CubeIDE/plugins/com.st.stm32cube.ide.mcu.externaltools.gnu-tools-for-stm32.13.3.rel1.win32_1.0.0.202411081344/tools/bin/../lib/gcc/arm-none-eabi/13.3.1/../../../../arm-none-eabi/lib/thumb/v7e-m+fp/hard\libc_nano.a(libc_a-findfp.o)
                0x2000109c                __sf
 .bss.__stdio_exit_handler
                0x200011d4        0x4 D:/ST/STM32CubeIDE_1.19.0/STM32CubeIDE/plugins/com.st.stm32cube.ide.mcu.externaltools.gnu-tools-for-stm32.13.3.rel1.win32_1.0.0.202411081344/tools/bin/../lib/gcc/arm-none-eabi/13.3.1/../../../../arm-none-eabi/lib/thumb/v7e-m+fp/hard\libc_nano.a(libc_a-findfp.o)
                0x200011d4                __stdio_exit_handler
 .bss.errno     0x200011d8        0x4 D:/ST/STM32CubeIDE_1.19.0/STM32CubeIDE/plugins/com.st.stm32cube.ide.mcu.externaltools.gnu-tools-for-stm32.13.3.rel1.win32_1.0.0.202411081344/tools/bin/../lib/gcc/arm-none-eabi/13.3.1/../../../../arm-none-eabi/lib/thumb/v7e-m+fp/hard\libc_nano.a(libc_a-reent.o)
                0x200011d8                errno
 .bss.__lock___malloc_recursive_mutex
                0x200011dc        0x1 D:/ST/STM32CubeIDE_1.19.0/STM32CubeIDE/plugins/com.st.stm32cube.ide.mcu.externaltools.gnu-tools-for-stm32.13.3.rel1.win32_1.0.0.202411081344/tools/bin/../lib/gcc/arm-none-eabi/13.3.1/../../../../arm-none-eabi/lib/thumb/v7e-m+fp/hard\libc_nano.a(libc_a-lock.o)
                0x200011dc                __lock___malloc_recursive_mutex
 .bss.__lock___sfp_recursive_mutex
                0x200011dd        0x1 D:/ST/STM32CubeIDE_1.19.0/STM32CubeIDE/plugins/com.st.stm32cube.ide.mcu.externaltools.gnu-tools-for-stm32.13.3.rel1.win32_1.0.0.202411081344/tools/bin/../lib/gcc/arm-none-eabi/13.3.1/../../../../arm-none-eabi/lib/thumb/v7e-m+fp/hard\libc_nano.a(libc_a-lock.o)
                0x200011dd                __lock___sfp_recursive_mutex
 *fill*         0x200011de        0x2 
 .bss.__malloc_sbrk_start
                0x200011e0        0x4 D:/ST/STM32CubeIDE_1.19.0/STM32CubeIDE/plugins/com.st.stm32cube.ide.mcu.externaltools.gnu-tools-for-stm32.13.3.rel1.win32_1.0.0.202411081344/tools/bin/../lib/gcc/arm-none-eabi/13.3.1/../../../../arm-none-eabi/lib/thumb/v7e-m+fp/hard\libc_nano.a(libc_a-mallocr.o)
                0x200011e0                __malloc_sbrk_start
 .bss.__malloc_free_list
                0x200011e4        0x4 D:/ST/STM32CubeIDE_1.19.0/STM32CubeIDE/plugins/com.st.stm32cube.ide.mcu.externaltools.gnu-tools-for-stm32.13.3.rel1.win32_1.0.0.202411081344/tools/bin/../lib/gcc/arm-none-eabi/13.3.1/../../../../arm-none-eabi/lib/thumb/v7e-m+fp/hard\libc_nano.a(libc_a-mallocr.o)
                0x200011e4                __malloc_free_list
 *(COMMON)
                0x200011e8                        . = ALIGN (0x4)
                0x200011e8                        _ebss = .
                0x200011e8                        __bss_end__ = _ebss

._user_heap_stack
                0x200011e8      0x600
                0x200011e8                        . = ALIGN (0x8)
                [!provide]                        PROVIDE (end = .)
                0x200011e8                        PROVIDE (_end = .)
                0x200013e8                        . = (. + _Min_Heap_Size)
 *fill*         0x200011e8      0x200 
                0x200017e8                        . = (. + _Min_Stack_Size)
 *fill*         0x200013e8      0x400 
                0x200017e8                        . = ALIGN (0x8)

/DISCARD/
 libc.a(*)
 libm.a(*)
 libgcc.a(*)

.ARM.attributes
                0x00000000       0x30
 *(.ARM.attributes)
 .ARM.attributes
                0x00000000       0x22 D:/ST/STM32CubeIDE_1.19.0/STM32CubeIDE/plugins/com.st.stm32cube.ide.mcu.externaltools.gnu-tools-for-stm32.13.3.rel1.win32_1.0.0.202411081344/tools/bin/../lib/gcc/arm-none-eabi/13.3.1/thumb/v7e-m+fp/hard/crti.o
 .ARM.attributes
                0x00000022       0x34 D:/ST/STM32CubeIDE_1.19.0/STM32CubeIDE/plugins/com.st.stm32cube.ide.mcu.externaltools.gnu-tools-for-stm32.13.3.rel1.win32_1.0.0.202411081344/tools/bin/../lib/gcc/arm-none-eabi/13.3.1/thumb/v7e-m+fp/hard/crtbegin.o
 .ARM.attributes
                0x00000056       0x34 ./Core/Src/bno08x_i2c_hal.o
 .ARM.attributes
                0x0000008a       0x34 ./Core/Src/i2c_hal.o
 .ARM.attributes
                0x000000be       0x34 ./Core/Src/main.o
 .ARM.attributes
                0x000000f2       0x34 ./Core/Src/sh2.o
 .ARM.attributes
                0x00000126       0x34 ./Core/Src/sh2_SensorValue.o
 .ARM.attributes
                0x0000015a       0x34 ./Core/Src/sh2_util.o
 .ARM.attributes
                0x0000018e       0x34 ./Core/Src/shtp.o
 .ARM.attributes
                0x000001c2       0x34 ./Core/Src/stm32f4xx_hal_msp.o
 .ARM.attributes
                0x000001f6       0x34 ./Core/Src/stm32f4xx_it.o
 .ARM.attributes
                0x0000022a       0x34 ./Core/Src/syscalls.o
 .ARM.attributes
                0x0000025e       0x34 ./Core/Src/sysmem.o
 .ARM.attributes
                0x00000292       0x34 ./Core/Src/system_stm32f4xx.o
 .ARM.attributes
                0x000002c6       0x21 ./Core/Startup/startup_stm32f407vetx.o
 .ARM.attributes
                0x000002e7       0x34 ./Drivers/STM32F4xx_HAL_Driver/Src/stm32f4xx_hal.o
 .ARM.attributes
                0x0000031b       0x34 ./Drivers/STM32F4xx_HAL_Driver/Src/stm32f4xx_hal_cortex.o
 .ARM.attributes
                0x0000034f       0x34 ./Drivers/STM32F4xx_HAL_Driver/Src/stm32f4xx_hal_dma.o
 .ARM.attributes
                0x00000383       0x34 ./Drivers/STM32F4xx_HAL_Driver/Src/stm32f4xx_hal_gpio.o
 .ARM.attributes
                0x000003b7       0x34 ./Drivers/STM32F4xx_HAL_Driver/Src/stm32f4xx_hal_i2c.o
 .ARM.attributes
                0x000003eb       0x34 ./Drivers/STM32F4xx_HAL_Driver/Src/stm32f4xx_hal_rcc.o
 .ARM.attributes
                0x0000041f       0x34 ./Drivers/STM32F4xx_HAL_Driver/Src/stm32f4xx_hal_tim.o
 .ARM.attributes
                0x00000453       0x34 D:/ST/STM32CubeIDE_1.19.0/STM32CubeIDE/plugins/com.st.stm32cube.ide.mcu.externaltools.gnu-tools-for-stm32.13.3.rel1.win32_1.0.0.202411081344/tools/bin/../lib/gcc/arm-none-eabi/13.3.1/../../../../arm-none-eabi/lib/thumb/v7e-m+fp/hard\libc_nano.a(libc_a-findfp.o)
 .ARM.attributes
                0x00000487       0x34 D:/ST/STM32CubeIDE_1.19.0/STM32CubeIDE/plugins/com.st.stm32cube.ide.mcu.externaltools.gnu-tools-for-stm32.13.3.rel1.win32_1.0.0.202411081344/tools/bin/../lib/gcc/arm-none-eabi/13.3.1/../../../../arm-none-eabi/lib/thumb/v7e-m+fp/hard\libc_nano.a(libc_a-fwalk.o)
 .ARM.attributes
                0x000004bb       0x34 D:/ST/STM32CubeIDE_1.19.0/STM32CubeIDE/plugins/com.st.stm32cube.ide.mcu.externaltools.gnu-tools-for-stm32.13.3.rel1.win32_1.0.0.202411081344/tools/bin/../lib/gcc/arm-none-eabi/13.3.1/../../../../arm-none-eabi/lib/thumb/v7e-m+fp/hard\libc_nano.a(libc_a-printf.o)
 .ARM.attributes
                0x000004ef       0x34 D:/ST/STM32CubeIDE_1.19.0/STM32CubeIDE/plugins/com.st.stm32cube.ide.mcu.externaltools.gnu-tools-for-stm32.13.3.rel1.win32_1.0.0.202411081344/tools/bin/../lib/gcc/arm-none-eabi/13.3.1/../../../../arm-none-eabi/lib/thumb/v7e-m+fp/hard\libc_nano.a(libc_a-stdio.o)
 .ARM.attributes
                0x00000523       0x34 D:/ST/STM32CubeIDE_1.19.0/STM32CubeIDE/plugins/com.st.stm32cube.ide.mcu.externaltools.gnu-tools-for-stm32.13.3.rel1.win32_1.0.0.202411081344/tools/bin/../lib/gcc/arm-none-eabi/13.3.1/../../../../arm-none-eabi/lib/thumb/v7e-m+fp/hard\libc_nano.a(libc_a-memset.o)
 .ARM.attributes
                0x00000557       0x34 D:/ST/STM32CubeIDE_1.19.0/STM32CubeIDE/plugins/com.st.stm32cube.ide.mcu.externaltools.gnu-tools-for-stm32.13.3.rel1.win32_1.0.0.202411081344/tools/bin/../lib/gcc/arm-none-eabi/13.3.1/../../../../arm-none-eabi/lib/thumb/v7e-m+fp/hard\libc_nano.a(libc_a-closer.o)
 .ARM.attributes
                0x0000058b       0x34 D:/ST/STM32CubeIDE_1.19.0/STM32CubeIDE/plugins/com.st.stm32cube.ide.mcu.externaltools.gnu-tools-for-stm32.13.3.rel1.win32_1.0.0.202411081344/tools/bin/../lib/gcc/arm-none-eabi/13.3.1/../../../../arm-none-eabi/lib/thumb/v7e-m+fp/hard\libc_nano.a(libc_a-reent.o)
 .ARM.attributes
                0x000005bf       0x34 D:/ST/STM32CubeIDE_1.19.0/STM32CubeIDE/plugins/com.st.stm32cube.ide.mcu.externaltools.gnu-tools-for-stm32.13.3.rel1.win32_1.0.0.202411081344/tools/bin/../lib/gcc/arm-none-eabi/13.3.1/../../../../arm-none-eabi/lib/thumb/v7e-m+fp/hard\libc_nano.a(libc_a-impure.o)
 .ARM.attributes
                0x000005f3       0x34 D:/ST/STM32CubeIDE_1.19.0/STM32CubeIDE/plugins/com.st.stm32cube.ide.mcu.externaltools.gnu-tools-for-stm32.13.3.rel1.win32_1.0.0.202411081344/tools/bin/../lib/gcc/arm-none-eabi/13.3.1/../../../../arm-none-eabi/lib/thumb/v7e-m+fp/hard\libc_nano.a(libc_a-lseekr.o)
 .ARM.attributes
                0x00000627       0x34 D:/ST/STM32CubeIDE_1.19.0/STM32CubeIDE/plugins/com.st.stm32cube.ide.mcu.externaltools.gnu-tools-for-stm32.13.3.rel1.win32_1.0.0.202411081344/tools/bin/../lib/gcc/arm-none-eabi/13.3.1/../../../../arm-none-eabi/lib/thumb/v7e-m+fp/hard\libc_nano.a(libc_a-readr.o)
 .ARM.attributes
                0x0000065b       0x34 D:/ST/STM32CubeIDE_1.19.0/STM32CubeIDE/plugins/com.st.stm32cube.ide.mcu.externaltools.gnu-tools-for-stm32.13.3.rel1.win32_1.0.0.202411081344/tools/bin/../lib/gcc/arm-none-eabi/13.3.1/../../../../arm-none-eabi/lib/thumb/v7e-m+fp/hard\libc_nano.a(libc_a-writer.o)
 .ARM.attributes
                0x0000068f       0x34 D:/ST/STM32CubeIDE_1.19.0/STM32CubeIDE/plugins/com.st.stm32cube.ide.mcu.externaltools.gnu-tools-for-stm32.13.3.rel1.win32_1.0.0.202411081344/tools/bin/../lib/gcc/arm-none-eabi/13.3.1/../../../../arm-none-eabi/lib/thumb/v7e-m+fp/hard\libc_nano.a(libc_a-errno.o)
 .ARM.attributes
                0x000006c3       0x34 D:/ST/STM32CubeIDE_1.19.0/STM32CubeIDE/plugins/com.st.stm32cube.ide.mcu.externaltools.gnu-tools-for-stm32.13.3.rel1.win32_1.0.0.202411081344/tools/bin/../lib/gcc/arm-none-eabi/13.3.1/../../../../arm-none-eabi/lib/thumb/v7e-m+fp/hard\libc_nano.a(libc_a-init.o)
 .ARM.attributes
                0x000006f7       0x34 D:/ST/STM32CubeIDE_1.19.0/STM32CubeIDE/plugins/com.st.stm32cube.ide.mcu.externaltools.gnu-tools-for-stm32.13.3.rel1.win32_1.0.0.202411081344/tools/bin/../lib/gcc/arm-none-eabi/13.3.1/../../../../arm-none-eabi/lib/thumb/v7e-m+fp/hard\libc_nano.a(libc_a-lock.o)
 .ARM.attributes
                0x0000072b       0x34 D:/ST/STM32CubeIDE_1.19.0/STM32CubeIDE/plugins/com.st.stm32cube.ide.mcu.externaltools.gnu-tools-for-stm32.13.3.rel1.win32_1.0.0.202411081344/tools/bin/../lib/gcc/arm-none-eabi/13.3.1/../../../../arm-none-eabi/lib/thumb/v7e-m+fp/hard\libc_nano.a(libc_a-memcpy-stub.o)
 .ARM.attributes
                0x0000075f       0x34 D:/ST/STM32CubeIDE_1.19.0/STM32CubeIDE/plugins/com.st.stm32cube.ide.mcu.externaltools.gnu-tools-for-stm32.13.3.rel1.win32_1.0.0.202411081344/tools/bin/../lib/gcc/arm-none-eabi/13.3.1/../../../../arm-none-eabi/lib/thumb/v7e-m+fp/hard\libc_nano.a(libc_a-freer.o)
 .ARM.attributes
                0x00000793       0x34 D:/ST/STM32CubeIDE_1.19.0/STM32CubeIDE/plugins/com.st.stm32cube.ide.mcu.externaltools.gnu-tools-for-stm32.13.3.rel1.win32_1.0.0.202411081344/tools/bin/../lib/gcc/arm-none-eabi/13.3.1/../../../../arm-none-eabi/lib/thumb/v7e-m+fp/hard\libc_nano.a(libc_a-mallocr.o)
 .ARM.attributes
                0x000007c7       0x34 D:/ST/STM32CubeIDE_1.19.0/STM32CubeIDE/plugins/com.st.stm32cube.ide.mcu.externaltools.gnu-tools-for-stm32.13.3.rel1.win32_1.0.0.202411081344/tools/bin/../lib/gcc/arm-none-eabi/13.3.1/../../../../arm-none-eabi/lib/thumb/v7e-m+fp/hard\libc_nano.a(libc_a-mlock.o)
 .ARM.attributes
                0x000007fb       0x34 D:/ST/STM32CubeIDE_1.19.0/STM32CubeIDE/plugins/com.st.stm32cube.ide.mcu.externaltools.gnu-tools-for-stm32.13.3.rel1.win32_1.0.0.202411081344/tools/bin/../lib/gcc/arm-none-eabi/13.3.1/../../../../arm-none-eabi/lib/thumb/v7e-m+fp/hard\libc_nano.a(libc_a-nano-vfprintf.o)
 .ARM.attributes
                0x0000082f       0x34 D:/ST/STM32CubeIDE_1.19.0/STM32CubeIDE/plugins/com.st.stm32cube.ide.mcu.externaltools.gnu-tools-for-stm32.13.3.rel1.win32_1.0.0.202411081344/tools/bin/../lib/gcc/arm-none-eabi/13.3.1/../../../../arm-none-eabi/lib/thumb/v7e-m+fp/hard\libc_nano.a(libc_a-nano-vfprintf_i.o)
 .ARM.attributes
                0x00000863       0x34 D:/ST/STM32CubeIDE_1.19.0/STM32CubeIDE/plugins/com.st.stm32cube.ide.mcu.externaltools.gnu-tools-for-stm32.13.3.rel1.win32_1.0.0.202411081344/tools/bin/../lib/gcc/arm-none-eabi/13.3.1/../../../../arm-none-eabi/lib/thumb/v7e-m+fp/hard\libc_nano.a(libc_a-fflush.o)
 .ARM.attributes
                0x00000897       0x34 D:/ST/STM32CubeIDE_1.19.0/STM32CubeIDE/plugins/com.st.stm32cube.ide.mcu.externaltools.gnu-tools-for-stm32.13.3.rel1.win32_1.0.0.202411081344/tools/bin/../lib/gcc/arm-none-eabi/13.3.1/../../../../arm-none-eabi/lib/thumb/v7e-m+fp/hard\libc_nano.a(libc_a-wbuf.o)
 .ARM.attributes
                0x000008cb       0x34 D:/ST/STM32CubeIDE_1.19.0/STM32CubeIDE/plugins/com.st.stm32cube.ide.mcu.externaltools.gnu-tools-for-stm32.13.3.rel1.win32_1.0.0.202411081344/tools/bin/../lib/gcc/arm-none-eabi/13.3.1/../../../../arm-none-eabi/lib/thumb/v7e-m+fp/hard\libc_nano.a(libc_a-wsetup.o)
 .ARM.attributes
                0x000008ff       0x34 D:/ST/STM32CubeIDE_1.19.0/STM32CubeIDE/plugins/com.st.stm32cube.ide.mcu.externaltools.gnu-tools-for-stm32.13.3.rel1.win32_1.0.0.202411081344/tools/bin/../lib/gcc/arm-none-eabi/13.3.1/../../../../arm-none-eabi/lib/thumb/v7e-m+fp/hard\libc_nano.a(libc_a-sbrkr.o)
 .ARM.attributes
                0x00000933       0x1c D:/ST/STM32CubeIDE_1.19.0/STM32CubeIDE/plugins/com.st.stm32cube.ide.mcu.externaltools.gnu-tools-for-stm32.13.3.rel1.win32_1.0.0.202411081344/tools/bin/../lib/gcc/arm-none-eabi/13.3.1/../../../../arm-none-eabi/lib/thumb/v7e-m+fp/hard\libc_nano.a(libc_a-memchr.o)
 .ARM.attributes
                0x0000094f       0x34 D:/ST/STM32CubeIDE_1.19.0/STM32CubeIDE/plugins/com.st.stm32cube.ide.mcu.externaltools.gnu-tools-for-stm32.13.3.rel1.win32_1.0.0.202411081344/tools/bin/../lib/gcc/arm-none-eabi/13.3.1/../../../../arm-none-eabi/lib/thumb/v7e-m+fp/hard\libc_nano.a(libc_a-makebuf.o)
 .ARM.attributes
                0x00000983       0x34 D:/ST/STM32CubeIDE_1.19.0/STM32CubeIDE/plugins/com.st.stm32cube.ide.mcu.externaltools.gnu-tools-for-stm32.13.3.rel1.win32_1.0.0.202411081344/tools/bin/../lib/gcc/arm-none-eabi/13.3.1/../../../../arm-none-eabi/lib/thumb/v7e-m+fp/hard\libc_nano.a(libc_a-fstatr.o)
 .ARM.attributes
                0x000009b7       0x34 D:/ST/STM32CubeIDE_1.19.0/STM32CubeIDE/plugins/com.st.stm32cube.ide.mcu.externaltools.gnu-tools-for-stm32.13.3.rel1.win32_1.0.0.202411081344/tools/bin/../lib/gcc/arm-none-eabi/13.3.1/../../../../arm-none-eabi/lib/thumb/v7e-m+fp/hard\libc_nano.a(libc_a-isattyr.o)
 .ARM.attributes
                0x000009eb       0x22 D:/ST/STM32CubeIDE_1.19.0/STM32CubeIDE/plugins/com.st.stm32cube.ide.mcu.externaltools.gnu-tools-for-stm32.13.3.rel1.win32_1.0.0.202411081344/tools/bin/../lib/gcc/arm-none-eabi/13.3.1/thumb/v7e-m+fp/hard\libgcc.a(_aeabi_uldivmod.o)
 .ARM.attributes
                0x00000a0d       0x34 D:/ST/STM32CubeIDE_1.19.0/STM32CubeIDE/plugins/com.st.stm32cube.ide.mcu.externaltools.gnu-tools-for-stm32.13.3.rel1.win32_1.0.0.202411081344/tools/bin/../lib/gcc/arm-none-eabi/13.3.1/thumb/v7e-m+fp/hard\libgcc.a(_udivmoddi4.o)
 .ARM.attributes
                0x00000a41       0x22 D:/ST/STM32CubeIDE_1.19.0/STM32CubeIDE/plugins/com.st.stm32cube.ide.mcu.externaltools.gnu-tools-for-stm32.13.3.rel1.win32_1.0.0.202411081344/tools/bin/../lib/gcc/arm-none-eabi/13.3.1/thumb/v7e-m+fp/hard\libgcc.a(_dvmd_tls.o)
 .ARM.attributes
                0x00000a63       0x22 D:/ST/STM32CubeIDE_1.19.0/STM32CubeIDE/plugins/com.st.stm32cube.ide.mcu.externaltools.gnu-tools-for-stm32.13.3.rel1.win32_1.0.0.202411081344/tools/bin/../lib/gcc/arm-none-eabi/13.3.1/thumb/v7e-m+fp/hard/crtn.o
OUTPUT(bno08x_sh2.elf elf32-littlearm)
LOAD linker stubs
LOAD D:/ST/STM32CubeIDE_1.19.0/STM32CubeIDE/plugins/com.st.stm32cube.ide.mcu.externaltools.gnu-tools-for-stm32.13.3.rel1.win32_1.0.0.202411081344/tools/bin/../lib/gcc/arm-none-eabi/13.3.1/../../../../arm-none-eabi/lib/thumb/v7e-m+fp/hard\libc.a
LOAD D:/ST/STM32CubeIDE_1.19.0/STM32CubeIDE/plugins/com.st.stm32cube.ide.mcu.externaltools.gnu-tools-for-stm32.13.3.rel1.win32_1.0.0.202411081344/tools/bin/../lib/gcc/arm-none-eabi/13.3.1/../../../../arm-none-eabi/lib/thumb/v7e-m+fp/hard\libm.a
LOAD D:/ST/STM32CubeIDE_1.19.0/STM32CubeIDE/plugins/com.st.stm32cube.ide.mcu.externaltools.gnu-tools-for-stm32.13.3.rel1.win32_1.0.0.202411081344/tools/bin/../lib/gcc/arm-none-eabi/13.3.1/thumb/v7e-m+fp/hard\libgcc.a

.debug_info     0x00000000    0x12a2b
 .debug_info    0x00000000      0x255 ./Core/Src/bno08x_i2c_hal.o
 .debug_info    0x00000255     0x18df ./Core/Src/i2c_hal.o
 .debug_info    0x00001b34     0x2112 ./Core/Src/main.o
 .debug_info    0x00003c46     0x3204 ./Core/Src/sh2.o
 .debug_info    0x00006e4a     0x182b ./Core/Src/sh2_SensorValue.o
 .debug_info    0x00008675      0x35f ./Core/Src/sh2_util.o
 .debug_info    0x000089d4      0x804 ./Core/Src/shtp.o
 .debug_info    0x000091d8      0xd05 ./Core/Src/stm32f4xx_hal_msp.o
 .debug_info    0x00009edd      0x112 ./Core/Src/stm32f4xx_it.o
 .debug_info    0x00009fef      0x6a3 ./Core/Src/syscalls.o
 .debug_info    0x0000a692      0x168 ./Core/Src/sysmem.o
 .debug_info    0x0000a7fa      0x512 ./Core/Src/system_stm32f4xx.o
 .debug_info    0x0000ad0c       0x30 ./Core/Startup/startup_stm32f407vetx.o
 .debug_info    0x0000ad3c      0x944 ./Drivers/STM32F4xx_HAL_Driver/Src/stm32f4xx_hal.o
 .debug_info    0x0000b680      0xd8c ./Drivers/STM32F4xx_HAL_Driver/Src/stm32f4xx_hal_cortex.o
 .debug_info    0x0000c40c      0x8e7 ./Drivers/STM32F4xx_HAL_Driver/Src/stm32f4xx_hal_dma.o
 .debug_info    0x0000ccf3      0x6c3 ./Drivers/STM32F4xx_HAL_Driver/Src/stm32f4xx_hal_gpio.o
 .debug_info    0x0000d3b6     0x2415 ./Drivers/STM32F4xx_HAL_Driver/Src/stm32f4xx_hal_i2c.o
 .debug_info    0x0000f7cb      0x8c3 ./Drivers/STM32F4xx_HAL_Driver/Src/stm32f4xx_hal_rcc.o
 .debug_info    0x0001008e     0x299d ./Drivers/STM32F4xx_HAL_Driver/Src/stm32f4xx_hal_tim.o

.debug_abbrev   0x00000000     0x273b
 .debug_abbrev  0x00000000       0xde ./Core/Src/bno08x_i2c_hal.o
 .debug_abbrev  0x000000de      0x381 ./Core/Src/i2c_hal.o
 .debug_abbrev  0x0000045f      0x2f2 ./Core/Src/main.o
 .debug_abbrev  0x00000751      0x33b ./Core/Src/sh2.o
 .debug_abbrev  0x00000a8c      0x220 ./Core/Src/sh2_SensorValue.o
 .debug_abbrev  0x00000cac       0xd8 ./Core/Src/sh2_util.o
 .debug_abbrev  0x00000d84      0x27b ./Core/Src/shtp.o
 .debug_abbrev  0x00000fff      0x1d4 ./Core/Src/stm32f4xx_hal_msp.o
 .debug_abbrev  0x000011d3       0x73 ./Core/Src/stm32f4xx_it.o
 .debug_abbrev  0x00001246      0x1b6 ./Core/Src/syscalls.o
 .debug_abbrev  0x000013fc       0xbc ./Core/Src/sysmem.o
 .debug_abbrev  0x000014b8      0x11a ./Core/Src/system_stm32f4xx.o
 .debug_abbrev  0x000015d2       0x24 ./Core/Startup/startup_stm32f407vetx.o
 .debug_abbrev  0x000015f6      0x214 ./Drivers/STM32F4xx_HAL_Driver/Src/stm32f4xx_hal.o
 .debug_abbrev  0x0000180a      0x31d ./Drivers/STM32F4xx_HAL_Driver/Src/stm32f4xx_hal_cortex.o
 .debug_abbrev  0x00001b27      0x264 ./Drivers/STM32F4xx_HAL_Driver/Src/stm32f4xx_hal_dma.o
 .debug_abbrev  0x00001d8b      0x1d4 ./Drivers/STM32F4xx_HAL_Driver/Src/stm32f4xx_hal_gpio.o
 .debug_abbrev  0x00001f5f      0x2ad ./Drivers/STM32F4xx_HAL_Driver/Src/stm32f4xx_hal_i2c.o
 .debug_abbrev  0x0000220c      0x2b7 ./Drivers/STM32F4xx_HAL_Driver/Src/stm32f4xx_hal_rcc.o
 .debug_abbrev  0x000024c3      0x278 ./Drivers/STM32F4xx_HAL_Driver/Src/stm32f4xx_hal_tim.o

.debug_aranges  0x00000000     0x1290
 .debug_aranges
                0x00000000       0x28 ./Core/Src/bno08x_i2c_hal.o
 .debug_aranges
                0x00000028      0x120 ./Core/Src/i2c_hal.o
 .debug_aranges
                0x00000148       0x58 ./Core/Src/main.o
 .debug_aranges
                0x000001a0      0x2e0 ./Core/Src/sh2.o
 .debug_aranges
                0x00000480      0x168 ./Core/Src/sh2_SensorValue.o
 .debug_aranges
                0x000005e8       0x78 ./Core/Src/sh2_util.o
 .debug_aranges
                0x00000660       0x70 ./Core/Src/shtp.o
 .debug_aranges
                0x000006d0       0x40 ./Core/Src/stm32f4xx_hal_msp.o
 .debug_aranges
                0x00000710       0x60 ./Core/Src/stm32f4xx_it.o
 .debug_aranges
                0x00000770       0xa8 ./Core/Src/syscalls.o
 .debug_aranges
                0x00000818       0x20 ./Core/Src/sysmem.o
 .debug_aranges
                0x00000838       0x28 ./Core/Src/system_stm32f4xx.o
 .debug_aranges
                0x00000860       0x28 ./Core/Startup/startup_stm32f407vetx.o
 .debug_aranges
                0x00000888       0xf0 ./Drivers/STM32F4xx_HAL_Driver/Src/stm32f4xx_hal.o
 .debug_aranges
                0x00000978      0x130 ./Drivers/STM32F4xx_HAL_Driver/Src/stm32f4xx_hal_cortex.o
 .debug_aranges
                0x00000aa8       0x90 ./Drivers/STM32F4xx_HAL_Driver/Src/stm32f4xx_hal_dma.o
 .debug_aranges
                0x00000b38       0x58 ./Drivers/STM32F4xx_HAL_Driver/Src/stm32f4xx_hal_gpio.o
 .debug_aranges
                0x00000b90      0x2a8 ./Drivers/STM32F4xx_HAL_Driver/Src/stm32f4xx_hal_i2c.o
 .debug_aranges
                0x00000e38       0x88 ./Drivers/STM32F4xx_HAL_Driver/Src/stm32f4xx_hal_rcc.o
 .debug_aranges
                0x00000ec0      0x3d0 ./Drivers/STM32F4xx_HAL_Driver/Src/stm32f4xx_hal_tim.o

.debug_rnglists
                0x00000000      0xe55
 .debug_rnglists
                0x00000000       0x19 ./Core/Src/bno08x_i2c_hal.o
 .debug_rnglists
                0x00000019       0xde ./Core/Src/i2c_hal.o
 .debug_rnglists
                0x000000f7       0x40 ./Core/Src/main.o
 .debug_rnglists
                0x00000137      0x237 ./Core/Src/sh2.o
 .debug_rnglists
                0x0000036e      0x119 ./Core/Src/sh2_SensorValue.o
 .debug_rnglists
                0x00000487       0x55 ./Core/Src/sh2_util.o
 .debug_rnglists
                0x000004dc       0x51 ./Core/Src/shtp.o
 .debug_rnglists
                0x0000052d       0x2c ./Core/Src/stm32f4xx_hal_msp.o
 .debug_rnglists
                0x00000559       0x43 ./Core/Src/stm32f4xx_it.o
 .debug_rnglists
                0x0000059c       0x79 ./Core/Src/syscalls.o
 .debug_rnglists
                0x00000615       0x13 ./Core/Src/sysmem.o
 .debug_rnglists
                0x00000628       0x1a ./Core/Src/system_stm32f4xx.o
 .debug_rnglists
                0x00000642       0x19 ./Core/Startup/startup_stm32f407vetx.o
 .debug_rnglists
                0x0000065b       0xaf ./Drivers/STM32F4xx_HAL_Driver/Src/stm32f4xx_hal.o
 .debug_rnglists
                0x0000070a       0xe0 ./Drivers/STM32F4xx_HAL_Driver/Src/stm32f4xx_hal_cortex.o
 .debug_rnglists
                0x000007ea       0x70 ./Drivers/STM32F4xx_HAL_Driver/Src/stm32f4xx_hal_dma.o
 .debug_rnglists
                0x0000085a       0x3f ./Drivers/STM32F4xx_HAL_Driver/Src/stm32f4xx_hal_gpio.o
 .debug_rnglists
                0x00000899      0x23c ./Drivers/STM32F4xx_HAL_Driver/Src/stm32f4xx_hal_i2c.o
 .debug_rnglists
                0x00000ad5       0x66 ./Drivers/STM32F4xx_HAL_Driver/Src/stm32f4xx_hal_rcc.o
 .debug_rnglists
                0x00000b3b      0x31a ./Drivers/STM32F4xx_HAL_Driver/Src/stm32f4xx_hal_tim.o

.debug_macro    0x00000000    0x222eb
 .debug_macro   0x00000000       0x9d ./Core/Src/bno08x_i2c_hal.o
 .debug_macro   0x0000009d      0xad8 ./Core/Src/bno08x_i2c_hal.o
 .debug_macro   0x00000b75       0x22 ./Core/Src/bno08x_i2c_hal.o
 .debug_macro   0x00000b97       0x8e ./Core/Src/bno08x_i2c_hal.o
 .debug_macro   0x00000c25       0x51 ./Core/Src/bno08x_i2c_hal.o
 .debug_macro   0x00000c76      0x103 ./Core/Src/bno08x_i2c_hal.o
 .debug_macro   0x00000d79       0x6a ./Core/Src/bno08x_i2c_hal.o
 .debug_macro   0x00000de3      0x1df ./Core/Src/bno08x_i2c_hal.o
 .debug_macro   0x00000fc2       0x1c ./Core/Src/bno08x_i2c_hal.o
 .debug_macro   0x00000fde       0x22 ./Core/Src/bno08x_i2c_hal.o
 .debug_macro   0x00001000      0x351 ./Core/Src/i2c_hal.o
 .debug_macro   0x00001351       0x34 ./Core/Src/i2c_hal.o
 .debug_macro   0x00001385       0x61 ./Core/Src/i2c_hal.o
 .debug_macro   0x000013e6       0x10 ./Core/Src/i2c_hal.o
 .debug_macro   0x000013f6       0x3c ./Core/Src/i2c_hal.o
 .debug_macro   0x00001432       0x20 ./Core/Src/i2c_hal.o
 .debug_macro   0x00001452      0x29b ./Core/Src/i2c_hal.o
 .debug_macro   0x000016ed       0x2e ./Core/Src/i2c_hal.o
 .debug_macro   0x0000171b       0x2f ./Core/Src/i2c_hal.o
 .debug_macro   0x0000174a       0x1c ./Core/Src/i2c_hal.o
 .debug_macro   0x00001766       0x22 ./Core/Src/i2c_hal.o
 .debug_macro   0x00001788       0xfb ./Core/Src/i2c_hal.o
 .debug_macro   0x00001883     0x1011 ./Core/Src/i2c_hal.o
 .debug_macro   0x00002894      0x11f ./Core/Src/i2c_hal.o
 .debug_macro   0x000029b3    0x15ea5 ./Core/Src/i2c_hal.o
 .debug_macro   0x00018858       0x6d ./Core/Src/i2c_hal.o
 .debug_macro   0x000188c5     0x3693 ./Core/Src/i2c_hal.o
 .debug_macro   0x0001bf58       0x56 ./Core/Src/i2c_hal.o
 .debug_macro   0x0001bfae      0x980 ./Core/Src/i2c_hal.o
 .debug_macro   0x0001c92e      0x9e9 ./Core/Src/i2c_hal.o
 .debug_macro   0x0001d317      0x115 ./Core/Src/i2c_hal.o
 .debug_macro   0x0001d42c      0x13e ./Core/Src/i2c_hal.o
 .debug_macro   0x0001d56a       0xa5 ./Core/Src/i2c_hal.o
 .debug_macro   0x0001d60f      0x174 ./Core/Src/i2c_hal.o
 .debug_macro   0x0001d783      0x287 ./Core/Src/i2c_hal.o
 .debug_macro   0x0001da0a       0x5f ./Core/Src/i2c_hal.o
 .debug_macro   0x0001da69      0x236 ./Core/Src/i2c_hal.o
 .debug_macro   0x0001dc9f      0x12c ./Core/Src/i2c_hal.o
 .debug_macro   0x0001ddcb      0x21e ./Core/Src/i2c_hal.o
 .debug_macro   0x0001dfe9       0x2e ./Core/Src/i2c_hal.o
 .debug_macro   0x0001e017      0x1b5 ./Core/Src/i2c_hal.o
 .debug_macro   0x0001e1cc       0xd6 ./Core/Src/i2c_hal.o
 .debug_macro   0x0001e2a2      0x127 ./Core/Src/i2c_hal.o
 .debug_macro   0x0001e3c9       0x7e ./Core/Src/i2c_hal.o
 .debug_macro   0x0001e447       0x89 ./Core/Src/i2c_hal.o
 .debug_macro   0x0001e4d0      0x8ed ./Core/Src/i2c_hal.o
 .debug_macro   0x0001edbd       0x4d ./Core/Src/i2c_hal.o
 .debug_macro   0x0001ee0a      0x12d ./Core/Src/i2c_hal.o
 .debug_macro   0x0001ef37      0x241 ./Core/Src/main.o
 .debug_macro   0x0001f178       0x5c ./Core/Src/main.o
 .debug_macro   0x0001f1d4       0x1c ./Core/Src/main.o
 .debug_macro   0x0001f1f0       0x22 ./Core/Src/main.o
 .debug_macro   0x0001f212      0x2a9 ./Core/Src/main.o
 .debug_macro   0x0001f4bb       0xc1 ./Core/Src/main.o
 .debug_macro   0x0001f57c       0x10 ./Core/Src/main.o
 .debug_macro   0x0001f58c      0x422 ./Core/Src/sh2.o
 .debug_macro   0x0001f9ae       0x1c ./Core/Src/sh2.o
 .debug_macro   0x0001f9ca       0x10 ./Core/Src/sh2.o
 .debug_macro   0x0001f9da       0x1c ./Core/Src/sh2.o
 .debug_macro   0x0001f9f6       0x16 ./Core/Src/sh2.o
 .debug_macro   0x0001fa0c      0x146 ./Core/Src/sh2.o
 .debug_macro   0x0001fb52      0x188 ./Core/Src/sh2_SensorValue.o
 .debug_macro   0x0001fcda       0x16 ./Core/Src/sh2_SensorValue.o
 .debug_macro   0x0001fcf0       0x9e ./Core/Src/sh2_SensorValue.o
 .debug_macro   0x0001fd8e      0x112 ./Core/Src/sh2_SensorValue.o
 .debug_macro   0x0001fea0       0x16 ./Core/Src/sh2_SensorValue.o
 .debug_macro   0x0001feb6       0x73 ./Core/Src/sh2_util.o
 .debug_macro   0x0001ff29      0x16d ./Core/Src/shtp.o
 .debug_macro   0x00020096      0x1ed ./Core/Src/stm32f4xx_hal_msp.o
 .debug_macro   0x00020283      0x1f7 ./Core/Src/stm32f4xx_it.o
 .debug_macro   0x0002047a      0x274 ./Core/Src/syscalls.o
 .debug_macro   0x000206ee       0x10 ./Core/Src/syscalls.o
 .debug_macro   0x000206fe       0x10 ./Core/Src/syscalls.o
 .debug_macro   0x0002070e       0x10 ./Core/Src/syscalls.o
 .debug_macro   0x0002071e       0x10 ./Core/Src/syscalls.o
 .debug_macro   0x0002072e       0x1c ./Core/Src/syscalls.o
 .debug_macro   0x0002074a       0x52 ./Core/Src/syscalls.o
 .debug_macro   0x0002079c       0x22 ./Core/Src/syscalls.o
 .debug_macro   0x000207be       0x10 ./Core/Src/syscalls.o
 .debug_macro   0x000207ce       0x52 ./Core/Src/syscalls.o
 .debug_macro   0x00020820       0xcf ./Core/Src/syscalls.o
 .debug_macro   0x000208ef       0x1c ./Core/Src/syscalls.o
 .debug_macro   0x0002090b       0x3d ./Core/Src/syscalls.o
 .debug_macro   0x00020948       0x35 ./Core/Src/syscalls.o
 .debug_macro   0x0002097d      0x12c ./Core/Src/syscalls.o
 .debug_macro   0x00020aa9       0x16 ./Core/Src/syscalls.o
 .debug_macro   0x00020abf       0x16 ./Core/Src/syscalls.o
 .debug_macro   0x00020ad5       0x29 ./Core/Src/syscalls.o
 .debug_macro   0x00020afe       0x10 ./Core/Src/syscalls.o
 .debug_macro   0x00020b0e      0x242 ./Core/Src/syscalls.o
 .debug_macro   0x00020d50       0x10 ./Core/Src/syscalls.o
 .debug_macro   0x00020d60      0x18a ./Core/Src/syscalls.o
 .debug_macro   0x00020eea       0x16 ./Core/Src/syscalls.o
 .debug_macro   0x00020f00       0xce ./Core/Src/syscalls.o
 .debug_macro   0x00020fce      0x112 ./Core/Src/sysmem.o
 .debug_macro   0x000210e0      0x23c ./Core/Src/sysmem.o
 .debug_macro   0x0002131c      0x1de ./Core/Src/system_stm32f4xx.o
 .debug_macro   0x000214fa      0x23e ./Drivers/STM32F4xx_HAL_Driver/Src/stm32f4xx_hal.o
 .debug_macro   0x00021738      0x1de ./Drivers/STM32F4xx_HAL_Driver/Src/stm32f4xx_hal_cortex.o
 .debug_macro   0x00021916      0x1e4 ./Drivers/STM32F4xx_HAL_Driver/Src/stm32f4xx_hal_dma.o
 .debug_macro   0x00021afa      0x1e4 ./Drivers/STM32F4xx_HAL_Driver/Src/stm32f4xx_hal_gpio.o
 .debug_macro   0x00021cde      0x22c ./Drivers/STM32F4xx_HAL_Driver/Src/stm32f4xx_hal_i2c.o
 .debug_macro   0x00021f0a      0x202 ./Drivers/STM32F4xx_HAL_Driver/Src/stm32f4xx_hal_rcc.o
 .debug_macro   0x0002210c      0x1df ./Drivers/STM32F4xx_HAL_Driver/Src/stm32f4xx_hal_tim.o

.debug_line     0x00000000    0x13572
 .debug_line    0x00000000      0x45d ./Core/Src/bno08x_i2c_hal.o
 .debug_line    0x0000045d      0xfac ./Core/Src/i2c_hal.o
 .debug_line    0x00001409      0x950 ./Core/Src/main.o
 .debug_line    0x00001d59     0x1c45 ./Core/Src/sh2.o
 .debug_line    0x0000399e     0x1242 ./Core/Src/sh2_SensorValue.o
 .debug_line    0x00004be0      0x5f7 ./Core/Src/sh2_util.o
 .debug_line    0x000051d7      0x929 ./Core/Src/shtp.o
 .debug_line    0x00005b00      0x7e5 ./Core/Src/stm32f4xx_hal_msp.o
 .debug_line    0x000062e5      0x80e ./Core/Src/stm32f4xx_it.o
 .debug_line    0x00006af3      0x8ac ./Core/Src/syscalls.o
 .debug_line    0x0000739f      0x588 ./Core/Src/sysmem.o
 .debug_line    0x00007927      0x7d5 ./Core/Src/system_stm32f4xx.o
 .debug_line    0x000080fc       0x7a ./Core/Startup/startup_stm32f407vetx.o
 .debug_line    0x00008176      0xa51 ./Drivers/STM32F4xx_HAL_Driver/Src/stm32f4xx_hal.o
 .debug_line    0x00008bc7      0xd21 ./Drivers/STM32F4xx_HAL_Driver/Src/stm32f4xx_hal_cortex.o
 .debug_line    0x000098e8      0xfbd ./Drivers/STM32F4xx_HAL_Driver/Src/stm32f4xx_hal_dma.o
 .debug_line    0x0000a8a5      0xba9 ./Drivers/STM32F4xx_HAL_Driver/Src/stm32f4xx_hal_gpio.o
 .debug_line    0x0000b44e     0x3afe ./Drivers/STM32F4xx_HAL_Driver/Src/stm32f4xx_hal_i2c.o
 .debug_line    0x0000ef4c      0xe60 ./Drivers/STM32F4xx_HAL_Driver/Src/stm32f4xx_hal_rcc.o
 .debug_line    0x0000fdac     0x37c6 ./Drivers/STM32F4xx_HAL_Driver/Src/stm32f4xx_hal_tim.o
